[     7][D][esp32-hal-cpu.c:244] setCpuFrequencyMhz(): PLL: 480 / 2 = 240 Mhz, APB: 80000000 Hz
Starting StackSense
Sample size: 5
[   723][I][esp32-hal-i2c.c:75] i2cInit(): Initialising I2C Master: sda=21 scl=22 freq=100000
[  1460][D][BLEDevice.cpp:102] gattServerEventHandler(): gattServerEventHandler [esp_gatt_if: 4] ... ESP_GATTS_REG_EVT
[  1473][D][BLEDevice.cpp:102] gattServerEventHandler(): gattServerEventHandler [esp_gatt_if: 4] ... ESP_GATTS_CREATE_EVT
[  1485][D][BLEService.cpp:225] addCharacteristic(): Adding characteristic: uuid=beb5483e-36e1-4688-b7f5-ea07361b26a8 to service: UUID: 4fafc201-1fb5-459e-8fcc-c5c9c331914b, handle: 0x0028
[  1503][D][BLECharacteristic.cpp:90] executeCreate(): Registering characteristic (esp_ble_gatts_add_char): uuid: beb5483e-36e1-4688-b7f5-ea07361b26a8, service: UUID: 4fafc201-1fb5-459e-8fcc-c5c9c331914b, handle: 0x0028
[  1523][D][BLEDevice.cpp:102] gattServerEventHandler(): gattServerEventHandler [esp_gatt_if: 4] ... ESP_GATTS_ADD_CHAR_EVT
[  1535][D][BLEDevice.cpp:102] gattServerEventHandler(): gattServerEventHandler [esp_gatt_if: 4] ... ESP_GATTS_ADD_CHAR_DESCR_EVT
[  1547][D][BLEDevice.cpp:102] gattServerEventHandler(): gattServerEventHandler [esp_gatt_if: 4] ... ESP_GATTS_START_EVT
[  1558][I][BLEDevice.cpp:577] getAdvertising(): create advertising
[  1565][D][BLEDevice.cpp:579] getAdvertising(): get advertising
[  1571][D][BLEDevice.cpp:579] getAdvertising(): get advertising
[  1576][D][BLEAdvertising.cpp:199] start(): - advertising service: 4fafc201-1fb5-459e-8fcc-c5c9c331914b
Free heap: 112192 bytes
[  1593][D][BLEDevice.cpp:579] getAdvertising(): get advertising
[  1601][D][BLEAdvertising.cpp:506] handleGAPEvent(): handleGAPEvent [event no: 0]
[  1610][D][BLEDevice.cpp:579] getAdvertising(): get advertising
[  1616][D][BLEAdvertising.cpp:506] handleGAPEvent(): handleGAPEvent [event no: 1]
[  1624][D][BLEDevice.cpp:579] getAdvertising(): get advertising
[  1630][D][BLEAdvertising.cpp:506] handleGAPEvent(): handleGAPEvent [event no: 6]
[144446][D][BLEDevice.cpp:102] gattServerEventHandler(): gattServerEventHandler [esp_gatt_if: 4] ... ESP_GATTS_CONNECT_EVT
[144458][D][BLEServer.cpp:366] onConnect(): BLEServerCallbacks
[144464][D][BLEServer.cpp:367] onConnect(): BLEServerCallbacks
[144471][D][BLEServer.cpp:368] onConnect(): BLEServerCallbacks
[144565][D][BLEDevice.cpp:102] gattServerEventHandler(): gattServerEventHandler [esp_gatt_if: 4] ... ESP_GATTS_MTU_EVT
[144578][D][BLEServer.cpp:385] onMtuChanged(): BLEServerCallbacks
[144584][D][BLEServer.cpp:386] onMtuChanged(): BLEServerCallbacks
[144591][D][BLEServer.cpp:387] onMtuChanged(): BLEServerCallbacks
[149935][D][BLEDevice.cpp:102] gattServerEventHandler(): gattServerEventHandler [esp_gatt_if: 4] ... ESP_GATTS_WRITE_EVT
[149949][D][BLEDescriptor.cpp:240] setValue(): Set the value in the GATTS database using handle 0x2b
[149959][D][BLEDevice.cpp:102] gattServerEventHandler(): gattServerEventHandler [esp_gatt_if: 4] ... ESP_GATTS_SET_ATTR_VAL_EVT
Start pressed
Set 1 started, baseline=136mm, restingG=1.036
RAW,162275,136,0,0,2
[163179][D][Tone.cpp:124] tone(): _pin=25, frequency=3400 Hz, duration=0 ms
[163186][D][Tone.cpp:31] tone_task(): Task received from queue TONE_START: _pin=25, frequency=3400 Hz, duration=0 ms
[163197][D][Tone.cpp:33] tone_task(): Setup LED controll on channel 0
RAW,163186,134,1,1,0
E (163200) ledc: ledc_get_duty(745): LEDC is not initialized
RAW,163197,133,1,1,1
RAW,163223,135,2,2,1
RAW,163242,133,2,2,2
RAW,163260,139,0,0,0
RAW,163278,134,0,-10,-1
RAW,163297,135,0,-10,4
RAW,163315,136,1,-10,3
[163327][D][Tone.cpp:105] noTone(): noTone was called
[163332][D][Tone.cpp:45] tone_task(): Task received from queue TONE_END: pin=25
RAW,163332,137,0,-22,1
RAW,163352,141,-2,-21,2
RAW,163370,143,-4,-43,3
RAW,163389,141,-5,-54,-2
RAW,163407,145,-7,-86,-2
RAW,163425,143,-7,-75,0
RAW,163444,142,-7,-54,-1
RAW,163463,144,-7,-32,-2
RAW,163481,140,-6,-10,1
RAW,163499,140,-5,21,0
RAW,163518,141,-4,32,1
RAW,163536,141,-4,32,2
RAW,163555,141,-5,21,1
RAW,163573,139,-4,21,1
RAW,163591,138,-3,21,2
RAW,163610,140,-3,10,1
RAW,163628,142,-4,0,1
RAW,163646,139,-4,10,1
RAW,163665,138,-3,10,0
RAW,163684,138,-2,10,0
RAW,163702,141,-3,0,-1
RAW,163720,143,-4,0,-1
RAW,163739,144,-6,-21,1
RAW,163757,140,-6,-32,2
RAW,163776,143,-6,-43,1
RAW,163794,143,-6,-32,-1
RAW,163812,139,-5,-10,1
RAW,163831,141,-5,10,1
RAW,163849,141,-4,21,0
RAW,163867,140,-4,21,-1
RAW,163886,139,-4,21,-1
RAW,163904,134,-1,43,0
RAW,163923,131,1,65,1
RAW,163941,129,4,86,-1
RAW,163960,122,8,129,3
RAW,163978,120,12,173,1
RAW,163996,115,17,195,-1
RAW,164015,111,20,206,-1
RAW,164033,106,25,228,2
RAW,164052,100,30,239,2
RAW,164070,97,35,250,2
RAW,164088,90,40,250,-1
RAW,164107,82,46,282,-1
RAW,164125,81,51,282,2
RAW,164143,71,58,307,-2
RAW,164162,66,63,304,-1
RAW,164181,61,70,322,1
RAW,164199,61,73,293,3
RAW,164217,59,75,260,-1
RAW,164236,53,78,215,2
RAW,164254,48,82,206,2
RAW,164273,49,86,173,0
RAW,164291,46,88,163,3
RAW,164309,44,89,152,3
RAW,164328,45,91,141,1
RAW,164346,39,93,119,3
RAW,164364,39,95,98,-2
RAW,164383,34,98,108,-1
RAW,164401,34,100,119,2
RAW,164419,35,101,109,-1
RAW,164438,36,101,86,-1
RAW,164456,35,100,54,1
RAW,164474,35,100,21,3
RAW,164493,39,99,-10,2
RAW,164512,43,97,-43,2
RAW,164530,52,91,-108,1
RAW,164549,54,86,-150,3
RAW,164567,62,80,-215,1
RAW,164585,67,75,-260,1
RAW,164604,78,67,-326,1
RAW,164622,81,60,-336,-2
RAW,164640,89,53,-362,2
RAW,164659,95,47,-358,-1
RAW,164677,102,40,-380,-1
RAW,164695,110,33,-373,2
RAW,164714,120,25,-380,1
RAW,164733,122,18,-376,1
RAW,164751,135,10,-402,-1
RAW,164769,139,4,-391,1
RAW,164788,142,-2,-376,2
RAW,164806,148,-7,-347,-1
RAW,164825,153,-11,-315,0
RAW,164843,155,-16,-282,1
RAW,164861,158,-19,-250,1
RAW,164880,160,-21,-206,-1
RAW,164898,162,-24,-184,0
RAW,164916,163,-25,-153,1
RAW,164935,161,-26,-108,1
RAW,164954,164,-26,-75,2
RAW,164972,165,-27,-65,1
RAW,164990,164,-28,-43,-2
RAW,165009,162,-27,-21,0
RAW,165027,161,-26,0,1
RAW,165046,161,-25,10,1
RAW,165064,158,-24,32,1
RAW,165082,158,-23,54,2
RAW,165101,159,-22,54,1
RAW,165119,154,-21,54,0
RAW,165137,151,-18,76,1
RAW,165156,154,-17,76,2
REP,1,101,1049
[165158][D][BLECharacteristic.cpp:790] onNotify(): >> onNotify: default
[165167][D][BLECharacteristic.cpp:791] onNotify(): << onNotify
[165174][D][BLECharacteristic.cpp:796] onStatus(): >> onStatus: default
[165175][D][BLEDevice.cpp:102] gattServerEventHandler(): gattServerEventHandler [esp_gatt_if: 4] ... ESP_GATTS_CONF_EVT
[165191][D][BLECharacteristic.cpp:797] onStatus(): << onStatus
RAW,165202,150,-15,66,0
[165205][D][Tone.cpp:124] tone(): _pin=25, frequency=4000 Hz, duration=0 ms
[165214][D][Tone.cpp:31] tone_task(): Task received from queue TONE_START: _pin=25, frequency=4000 Hz, duration=0 ms
[165224][D][Tone.cpp:33] tone_task(): Setup LED controll on channel 0
RAW,165214,153,-16,53,0
RAW,165229,150,-15,54,0
RAW,165248,150,-15,27,0
RAW,165266,149,-13,36,0
RAW,165285,149,-13,24,0
RAW,165303,145,-11,56,3
RAW,165321,148,-11,43,2
RAW,165340,146,-10,54,1
[165353][D][Tone.cpp:105] noTone(): noTone was called
[165358][D][Tone.cpp:45] tone_task(): Task received from queue TONE_END: pin=25
RAW,165358,145,-10,32,4
RAW,165377,146,-9,43,-1
RAW,165396,145,-9,21,0
RAW,165414,148,-10,10,0
RAW,165432,146,-10,0,2
RAW,165451,147,-11,-10,0
RAW,165469,146,-10,-10,2
RAW,165487,146,-10,-10,-1
RAW,165506,145,-9,10,1
RAW,165524,146,-9,10,1
RAW,165542,144,-9,21,1
RAW,165561,144,-8,21,1
RAW,165580,149,-9,10,1
RAW,165598,145,-10,-10,-1
RAW,165617,147,-11,-21,-1
RAW,165635,144,-9,0,0
RAW,165653,145,-9,-10,-1
RAW,165672,145,-8,10,1
RAW,165690,143,-8,21,-2
RAW,165708,142,-7,43,-1
RAW,165727,143,-6,32,-1
RAW,165745,141,-6,32,0
RAW,165763,136,-4,43,0
RAW,165782,136,-1,76,3
RAW,165801,136,0,75,1
RAW,165819,136,0,65,-1
RAW,165838,131,1,75,0
RAW,165856,126,5,96,-1
RAW,165874,124,9,108,0
RAW,165893,122,12,130,3
RAW,165911,118,14,152,-1
RAW,165929,112,18,186,1
RAW,165948,108,23,195,2
RAW,165966,103,28,206,-1
RAW,165985,100,32,217,2
RAW,166003,93,37,250,1
RAW,166022,89,42,258,0
RAW,166040,83,47,260,-1
RAW,166058,82,51,250,0
RAW,166077,76,55,250,-1
RAW,166095,72,59,239,-1
RAW,166114,69,63,228,1
RAW,166132,65,67,217,-2
RAW,166150,56,72,228,-1
RAW,166169,49,79,260,3
RAW,166187,47,85,282,4
RAW,166205,45,89,285,0
RAW,166224,40,92,271,1
RAW,166243,37,95,247,-1
RAW,166261,36,98,206,-1
RAW,166280,36,99,150,1
RAW,166298,38,99,107,1
RAW,166316,40,98,65,2
RAW,166335,39,97,21,1
RAW,166353,42,95,-32,1
RAW,166371,46,93,-65,2
RAW,166390,54,88,-119,2
RAW,166408,61,82,-173,0
RAW,166426,65,76,-230,1
RAW,166445,76,68,-293,0
RAW,166464,75,64,-311,-1
RAW,166482,86,57,-336,-1
RAW,166500,90,52,-326,2
RAW,166519,95,45,-333,-1
RAW,166537,100,41,-293,-2
RAW,166556,106,35,-315,2
RAW,166574,110,30,-293,-1
RAW,166592,115,25,-293,-1
RAW,166611,123,20,-271,2
RAW,166629,125,15,-282,0
RAW,166647,130,10,-274,2
RAW,166666,130,7,-250,0
RAW,166685,136,4,-225,-1
RAW,166702,138,1,-208,1
RAW,166721,144,-3,-195,2
RAW,166740,146,-6,-172,1
RAW,166758,148,-10,-184,3
RAW,166777,155,-13,-184,-1
RAW,166795,158,-17,-193,2
RAW,166813,161,-22,-206,2
RAW,166832,159,-23,-184,1
RAW,166850,163,-25,-163,-2
RAW,166868,164,-26,-142,1
RAW,166887,168,-29,-130,0
RAW,166905,166,-30,-86,-1
RAW,166923,165,-30,-76,2
RAW,166942,167,-30,-54,1
RAW,166961,162,-28,-21,1
RAW,166979,167,-29,0,1
RAW,166997,164,-28,21,3
RAW,167016,162,-28,21,2
RAW,167034,158,-25,54,1
RAW,167053,161,-24,43,0
RAW,167071,163,-24,54,1
RAW,167089,159,-25,32,0
RAW,167108,163,-25,32,-1
RAW,167126,158,-24,10,2
RAW,167144,161,-24,0,1
RAW,167163,162,-24,0,0
RAW,167182,159,-24,10,-1
RAW,167200,158,-23,21,-1
RAW,167219,158,-22,21,0
RAW,167237,159,-22,21,-1
RAW,167255,160,-23,10,1
RAW,167274,161,-24,0,0
RAW,167292,159,-24,-10,-2
RAW,167310,160,-24,-21,-2
RAW,167329,159,-23,-10,0
RAW,167348,157,-22,10,2
RAW,167365,160,-22,21,1
RAW,167384,157,-22,21,0
RAW,167403,157,-22,21,1
RAW,167421,158,-21,21,2
RAW,167440,155,-20,21,0
RAW,167458,154,-19,32,0
RAW,167476,158,-19,32,-1
RAW,167495,155,-19,32,1
RAW,167513,153,-19,21,1
RAW,167531,159,-19,10,1
RAW,167550,156,-20,-10,1
RAW,167569,160,-22,-32,1
RAW,167586,157,-21,-21,-1
RAW,167605,157,-22,-32,1
RAW,167624,160,-22,-32,1
RAW,167642,161,-23,-32,2
RAW,167660,158,-23,-10,-2
RAW,167679,159,-23,-21,1
RAW,167697,158,-22,0,-1
RAW,167716,159,-22,0,-1
RAW,167734,160,-23,0,-1
RAW,167752,160,-23,0,1
RAW,167771,161,-24,-10,-2
RAW,167790,162,-25,-32,1
RAW,167808,159,-24,-21,1
RAW,167826,160,-24,-10,2
RAW,167845,159,-23,0,1
RAW,167863,159,-23,10,2
RAW,167882,161,-23,21,1
RAW,167900,156,-22,21,0
RAW,167918,156,-21,32,-1
RAW,167937,155,-19,43,2
REP,2,127,1915
[167939][D][BLECharacteristic.cpp:790] onNotify(): >> onNotify: default
[167948][D][BLECharacteristic.cpp:791] onNotify(): << onNotify
[167954][D][BLECharacteristic.cpp:796] onStatus(): >> onStatus: default
[167957][D][BLEDevice.cpp:102] gattServerEventHandler(): gattServerEventHandler [esp_gatt_if: 4] ... ESP_GATTS_CONF_EVT
[167971][D][BLECharacteristic.cpp:797] onStatus(): << onStatus
RAW,167977,157,-20,26,-1
[167980][D][Tone.cpp:124] tone(): _pin=25, frequency=4000 Hz, duration=0 ms
[167989][D][Tone.cpp:31] tone_task(): Task received from queue TONE_START: _pin=25, frequency=4000 Hz, duration=0 ms
[167999][D][Tone.cpp:33] tone_task(): Setup LED controll on channel 0
RAW,167989,154,-19,37,1
RAW,168010,155,-19,27,-1
RAW,168029,155,-18,27,-2
RAW,168047,155,-19,0,2
RAW,168065,152,-18,22,1
RAW,168084,148,-15,42,0
RAW,168102,146,-12,76,-1
RAW,168120,148,-11,76,-1
[168127][D][Tone.cpp:105] noTone(): noTone was called
[168132][D][Tone.cpp:45] tone_task(): Task received from queue TONE_END: pin=25
RAW,168132,142,-9,117,0
RAW,168158,141,-7,118,-1
RAW,168176,142,-5,108,0
RAW,168195,136,-3,96,-1
RAW,168213,131,0,118,-4
RAW,168231,126,5,141,-1
RAW,168250,121,10,184,-2
RAW,168268,119,14,206,0
RAW,168286,116,17,219,-2
RAW,168305,108,21,228,0
RAW,168324,102,27,236,2
RAW,168341,100,32,241,-2
RAW,168360,96,36,239,0
RAW,168379,88,41,258,1
RAW,168397,86,46,271,1
RAW,168415,82,50,252,-1
RAW,168434,78,54,236,-1
RAW,168452,75,57,228,-3
RAW,168471,65,63,239,-1
RAW,168489,61,69,250,-1
RAW,168507,56,75,271,0
RAW,168526,51,80,282,-1
RAW,168544,44,85,304,-2
RAW,168562,42,90,296,-1
RAW,168581,41,93,260,0
RAW,168600,38,95,215,0
RAW,168617,36,97,186,2
RAW,168636,37,99,152,2
RAW,168655,37,99,96,1
RAW,168673,35,99,65,-2
RAW,168692,39,99,43,0
RAW,168710,38,98,10,0
RAW,168728,41,96,-32,1
RAW,168747,45,94,-54,-1
RAW,168765,45,92,-76,-1
RAW,168783,50,89,-109,-1
RAW,168802,55,86,-130,1
RAW,168821,61,80,-172,1
RAW,168838,65,75,-208,-1
RAW,168857,76,68,-260,1
RAW,168876,82,61,-301,0
RAW,168894,89,53,-358,1
RAW,168912,95,47,-362,0
RAW,168931,97,42,-354,0
RAW,168949,104,37,-336,2
RAW,168968,108,33,-304,1
RAW,168986,112,28,-271,-1
RAW,169004,121,22,-271,2
RAW,169023,122,17,-271,-2
RAW,169041,127,12,-271,-2
RAW,169059,132,9,-263,1
RAW,169078,141,2,-282,0
RAW,169097,144,-3,-268,1
RAW,169115,147,-8,-271,0
RAW,169133,151,-11,-250,1
RAW,169152,153,-14,-247,1
RAW,169170,156,-17,-206,1
RAW,169189,155,-18,-163,2
RAW,169207,160,-21,-141,-1
RAW,169225,160,-22,-119,0
RAW,169244,161,-24,-108,0
RAW,169262,161,-24,-76,1
RAW,169280,161,-25,-76,-1
RAW,169299,165,-26,-54,1
RAW,169318,162,-26,-43,1
RAW,169335,161,-26,-21,2
RAW,169354,160,-25,-10,1
RAW,169373,164,-25,0,-1
RAW,169391,166,-27,-10,1
RAW,169409,162,-28,-21,2
RAW,169428,160,-26,0,0
RAW,169446,161,-25,0,1
RAW,169465,161,-24,10,-1
RAW,169483,159,-24,32,-2
RAW,169501,161,-24,43,-1
RAW,169520,159,-23,32,0
RAW,169538,158,-23,21,1
RAW,169556,158,-22,21,0
RAW,169575,156,-21,32,2
RAW,169594,156,-20,43,-2
RAW,169612,154,-19,43,0
RAW,169631,156,-19,43,1
RAW,169649,155,-19,32,-1
RAW,169667,159,-20,10,-1
RAW,169686,156,-20,0,0
RAW,169704,155,-20,-10,1
RAW,169722,154,-19,0,0
RAW,169741,158,-19,0,1
RAW,169759,154,-19,10,1
RAW,169777,157,-20,0,1
RAW,169796,157,-20,0,2
RAW,169815,155,-20,-10,0
RAW,169832,156,-20,-10,2
RAW,169851,154,-19,0,1
RAW,169870,155,-19,10,0
RAW,169888,155,-18,21,-2
RAW,169907,151,-17,32,1
RAW,169925,154,-17,32,1
RAW,169943,155,-17,21,1
RAW,169962,154,-18,10,1
RAW,169980,152,-17,10,2
RAW,169998,153,-17,0,1
RAW,170017,156,-17,0,0
RAW,170035,151,-17,0,1
RAW,170053,153,-17,10,-1
RAW,170072,153,-16,10,1
RAW,170091,155,-17,0,-1
RAW,170109,154,-18,-10,1
RAW,170127,152,-17,0,0
RAW,170146,154,-17,0,-1
RAW,170164,153,-17,-10,2
RAW,170183,154,-17,0,-2
RAW,170201,155,-18,0,1
RAW,170219,154,-18,-10,0
RAW,170238,152,-17,0,-1
RAW,170256,156,-18,-10,1
RAW,170274,153,-17,0,-1
RAW,170293,152,-17,10,0
RAW,170311,151,-16,21,1
RAW,170330,155,-16,10,1
RAW,170349,153,-17,10,1
REP,3,129,2504
[170350][D][BLECharacteristic.cpp:790] onNotify(): >> onNotify: default
[170360][D][BLECharacteristic.cpp:791] onNotify(): << onNotify
[170366][D][BLECharacteristic.cpp:796] onStatus(): >> onStatus: default
[170367][D][BLEDevice.cpp:102] gattServerEventHandler(): gattServerEventHandler [esp_gatt_if: 4] ... ESP_GATTS_CONF_EVT
[170383][D][BLECharacteristic.cpp:797] onStatus(): << onStatus
RAW,170389,154,-18,-8,0
[170392][D][Tone.cpp:124] tone(): _pin=25, frequency=4000 Hz, duration=0 ms
[170401][D][Tone.cpp:31] tone_task(): Task received from queue TONE_START: _pin=25, frequency=4000 Hz, duration=0 ms
RAW,170404,151,-16,9,-1
[170413][D][Tone.cpp:33] tone_task(): Setup LED controll on channel 0
RAW,170422,152,-16,0,1
RAW,170440,155,-16,0,2
RAW,170459,153,-17,0,3
RAW,170477,152,-17,11,1
RAW,170496,151,-16,0,1
RAW,170514,153,-16,0,-2
RAW,170533,153,-16,0,1
[170540][D][Tone.cpp:105] noTone(): noTone was called
[170545][D][Tone.cpp:45] tone_task(): Task received from queue TONE_END: pin=25
RAW,170545,154,-17,0,0
RAW,170569,151,-16,10,-1
RAW,170588,155,-17,-10,1
RAW,170606,153,-17,-10,2
RAW,170624,153,-17,-10,0
RAW,170643,154,-17,0,2
RAW,170661,149,-16,0,-1
RAW,170679,151,-15,21,0
RAW,170698,152,-14,32,2
RAW,170716,150,-15,21,1
RAW,170735,153,-15,21,1
RAW,170753,149,-14,21,1
RAW,170772,148,-14,10,0
RAW,170790,151,-13,10,1
RAW,170809,150,-13,21,1
RAW,170827,148,-13,21,-1
RAW,170845,149,-13,10,1
RAW,170864,148,-12,21,-2
RAW,170882,150,-13,0,-1
RAW,170900,150,-13,0,-1
RAW,170919,150,-14,-10,1
RAW,170937,150,-14,-10,0
RAW,170955,147,-13,-10,1
RAW,170974,147,-12,10,1
RAW,170993,149,-11,21,0
RAW,171011,149,-12,21,-2
RAW,171030,149,-13,10,1
RAW,171048,149,-13,0,1
RAW,171066,148,-12,0,-1
RAW,171085,148,-12,-10,1
RAW,171103,146,-11,10,2
RAW,171121,144,-10,32,-1
RAW,171140,144,-8,54,0
RAW,171158,145,-8,43,1
RAW,171176,143,-8,43,-2
RAW,171195,140,-6,54,1
RAW,171214,140,-5,53,-2
RAW,171232,135,-2,65,0
RAW,171251,132,0,86,3
RAW,171269,132,3,118,-2
RAW,171287,127,5,119,-1
RAW,171306,118,10,163,1
RAW,171324,116,15,184,-1
RAW,171342,112,20,219,0
RAW,171361,102,26,250,0
RAW,171379,99,31,282,-1
RAW,171397,90,39,318,2
RAW,171416,89,43,304,-1
RAW,171435,81,49,311,0
RAW,171452,72,55,318,2
RAW,171471,69,62,336,-2
RAW,171490,64,67,301,0
RAW,171508,54,73,326,0
RAW,171527,49,80,336,0
RAW,171545,41,88,354,-2
RAW,171563,38,93,336,3
RAW,171582,31,99,347,2
RAW,171600,31,102,315,-2
RAW,171618,27,106,285,3
RAW,171637,27,107,206,1
RAW,171656,27,109,172,-2
RAW,171673,25,109,109,1
RAW,171692,27,109,76,0
RAW,171711,26,110,43,-2
RAW,171729,28,109,21,2
RAW,171747,29,108,-10,1
RAW,171766,32,106,-32,-2
RAW,171784,37,103,-65,1
RAW,171803,41,99,-119,0
RAW,171821,50,93,-173,2
RAW,171839,56,87,-228,1
RAW,171858,71,77,-315,-2
RAW,171876,78,67,-391,1
RAW,171894,83,58,-450,1
RAW,171913,92,51,-456,-2
RAW,171932,94,46,-440,-1
RAW,171950,99,41,-391,1
RAW,171968,109,35,-347,-1
RAW,171987,114,28,-322,0
RAW,172005,121,21,-326,2
RAW,172024,132,13,-358,0
RAW,172042,133,7,-369,2
RAW,172060,139,1,-369,2
RAW,172079,144,-2,-326,1
RAW,172097,149,-8,-315,-1
RAW,172115,161,-15,-307,-1
RAW,172134,160,-20,-293,1
RAW,172153,167,-26,-290,1
RAW,172170,168,-29,-296,1
RAW,172189,174,-33,-271,2
RAW,172208,175,-36,-225,1
RAW,172226,177,-39,-206,1
RAW,172245,180,-41,-163,1
RAW,172263,180,-43,-150,1
RAW,172281,178,-43,-108,-1
RAW,172300,181,-43,-76,0
RAW,172318,182,-44,-54,0
RAW,172336,179,-44,-32,0
RAW,172355,182,-45,-21,2
RAW,172374,180,-44,-10,2
RAW,172392,179,-44,-10,2
RAW,172410,176,-42,21,0
RAW,172429,177,-41,32,1
RAW,172447,176,-40,54,-1
RAW,172465,172,-39,54,1
RAW,172484,173,-37,76,2
RAW,172502,172,-36,65,2
RAW,172521,174,-37,43,2
RAW,172539,170,-36,43,2
RAW,172557,170,-35,43,0
RAW,172576,172,-34,32,2
RAW,172594,170,-34,21,2
RAW,172612,170,-34,32,1
RAW,172631,173,-35,10,1
RAW,172650,170,-35,0,-1
RAW,172668,172,-35,-10,1
RAW,172686,171,-35,-10,1
RAW,172705,172,-35,-10,1
RAW,172723,173,-36,-10,1
RAW,172742,173,-36,-10,0
RAW,172760,172,-36,-10,1
RAW,172778,174,-37,-21,2
RAW,172797,171,-36,-10,1
RAW,172815,172,-36,0,0
RAW,172833,170,-35,10,1
RAW,172852,169,-34,21,1
RAW,172871,172,-34,32,-1
RAW,172888,167,-33,32,0
RAW,172907,169,-33,32,1
RAW,172926,169,-32,32,2
RAW,172944,168,-32,21,1
RAW,172963,168,-32,21,1
RAW,172981,168,-32,10,1
RAW,172999,164,-30,32,2
RAW,173018,168,-30,21,2
RAW,173036,168,-30,21,1
RAW,173054,168,-32,0,3
RAW,173073,166,-31,10,1
RAW,173092,165,-30,0,3
RAW,173109,165,-29,10,0
RAW,173128,166,-29,10,1
RAW,173147,167,-30,21,2
RAW,173165,164,-29,21,3
RAW,173183,164,-29,10,1
RAW,173202,164,-28,10,-2
RAW,173220,163,-27,21,3
RAW,173239,163,-27,32,4
RAW,173257,163,-27,21,-1
RAW,173275,161,-26,32,1
RAW,173294,160,-25,32,1
RAW,173312,164,-25,21,-1
RAW,173330,162,-26,10,1
RAW,173349,158,-25,21,1
RAW,173368,162,-24,21,1
RAW,173386,160,-24,10,2
RAW,173404,162,-25,0,1
RAW,173423,159,-24,21,0
RAW,173441,160,-24,10,3
RAW,173460,163,-24,0,1
RAW,173478,158,-24,0,0
RAW,173496,158,-23,21,-1
RAW,173515,161,-23,10,2
RAW,173533,159,-23,10,-1
RAW,173551,160,-24,0,1
RAW,173570,160,-23,10,-1
RAW,173588,159,-23,0,2
RAW,173606,160,-23,0,1
RAW,173625,162,-24,-10,-1
RAW,173644,159,-24,0,-1
RAW,173662,159,-24,-10,3
RAW,173680,159,-23,0,-1
RAW,173699,158,-22,10,1
RAW,173717,159,-22,21,0
REP,4,110,1086
[173720][D][BLECharacteristic.cpp:790] onNotify(): >> onNotify: default
[173729][D][BLECharacteristic.cpp:791] onNotify(): << onNotify
[173735][D][BLECharacteristic.cpp:796] onStatus(): >> onStatus: default
[173737][D][BLEDevice.cpp:102] gattServerEventHandler(): gattServerEventHandler [esp_gatt_if: 4] ... ESP_GATTS_CONF_EVT
[173752][D][BLECharacteristic.cpp:797] onStatus(): << onStatus
RAW,173758,160,-23,8,1
[173761][D][Tone.cpp:124] tone(): _pin=25, frequency=4000 Hz, duration=0 ms
[173770][D][Tone.cpp:31] tone_task(): Task received from queue TONE_START: _pin=25, frequency=4000 Hz, duration=0 ms
RAW,173770,160,-23,9,0
[173782][D][Tone.cpp:33] tone_task(): Setup LED controll on channel 0
RAW,173790,161,-24,-9,-1
RAW,173809,155,-22,0,-1
RAW,173828,157,-21,9,2
RAW,173846,160,-21,22,0
RAW,173865,156,-21,21,-1
RAW,173883,162,-23,10,2
RAW,173901,161,-23,-10,-1
[173909][D][Tone.cpp:105] noTone(): noTone was called
[173915][D][Tone.cpp:45] tone_task(): Task received from queue TONE_END: pin=25
RAW,173919,156,-23,-21,1
RAW,173938,162,-23,-21,1
RAW,173957,160,-23,-21,-2
RAW,173975,159,-24,-10,0
RAW,173994,160,-23,0,1
RAW,174012,159,-23,0,2
RAW,174030,159,-23,0,1
RAW,174049,159,-23,0,0
RAW,174067,158,-22,21,0
RAW,174085,160,-23,0,2
RAW,174104,156,-22,10,1
RAW,174122,158,-22,10,-1
RAW,174140,158,-21,21,1
RAW,174159,156,-21,10,1
RAW,174177,163,-23,0,-1
RAW,174196,157,-22,0,2
RAW,174214,155,-22,0,2
RAW,174233,154,-19,21,0
RAW,174251,154,-18,32,1
RAW,174270,156,-18,53,0
RAW,174288,152,-18,43,1
RAW,174306,152,-17,54,2
RAW,174325,147,-14,54,1
RAW,174343,147,-12,65,1
RAW,174361,145,-10,87,2
RAW,174380,139,-7,119,-1
RAW,174399,136,-4,139,0
RAW,174416,134,0,153,0
RAW,174435,131,2,152,-1
RAW,174454,128,5,161,-1
RAW,174472,123,8,163,-1
RAW,174491,114,14,195,2
RAW,174509,106,21,225,1
RAW,174527,100,29,293,-1
RAW,174546,90,37,347,1
RAW,174564,86,44,391,-1
RAW,174582,73,53,428,1
RAW,174601,69,60,423,-2
RAW,174619,56,70,445,-1
RAW,174637,47,78,450,-7
RAW,174656,39,88,478,6
RAW,174675,33,96,462,-3
RAW,174693,30,102,456,-4
RAW,174711,27,106,391,2
RAW,174730,29,107,311,-3
RAW,174748,30,107,206,2
RAW,174767,32,105,97,-3
RAW,174785,34,104,21,-3
RAW,174803,38,101,-54,3
RAW,174822,41,98,-97,-1
RAW,174840,48,93,-152,-1
RAW,174858,55,88,-186,1
RAW,174877,61,81,-250,-2
RAW,174895,65,75,-282,1
RAW,174913,74,69,-318,1
RAW,174932,83,62,-336,-1
RAW,174951,84,55,-354,1
RAW,174969,97,48,-358,2
RAW,174988,97,43,-344,1
RAW,175006,106,36,-354,2
RAW,175024,111,31,-336,2
RAW,175043,118,24,-336,0
RAW,175061,125,18,-326,1
RAW,175079,135,10,-362,1
RAW,175098,139,3,-358,0
RAW,175116,140,-2,-358,1
RAW,175134,147,-6,-329,-2
RAW,175153,156,-11,-315,1
RAW,175172,160,-18,-301,2
RAW,175190,166,-24,-293,1
RAW,175209,175,-31,-311,2
RAW,175227,176,-36,-322,1
RAW,175245,187,-43,-347,1
RAW,175264,189,-48,-326,1
RAW,175282,193,-53,-315,0
RAW,175300,197,-57,-285,-1
RAW,175319,198,-60,-260,0
RAW,175337,203,-63,-217,0
RAW,175355,205,-66,-197,0
RAW,175374,203,-67,-152,2
RAW,175393,209,-69,-129,-2
RAW,175411,211,-71,-119,-1
RAW,175429,211,-74,-119,1
RAW,175448,212,-75,-96,0
RAW,175466,211,-75,-86,-1
RAW,175485,216,-77,-86,-1
RAW,175503,211,-76,-54,2
RAW,175521,215,-78,-43,1
RAW,175540,213,-77,-21,0
RAW,175558,212,-77,-21,-2
RAW,175576,209,-75,21,-2
RAW,175595,207,-73,32,3
RAW,175614,208,-72,64,1
RAW,175631,206,-71,65,-1
RAW,175650,205,-70,76,0
RAW,175669,208,-70,53,1
RAW,175687,207,-70,32,2
RAW,175706,208,-71,10,2
RAW,175724,207,-71,0,1
RAW,175742,209,-72,-21,2
RAW,175761,206,-71,-10,-2
RAW,175779,206,-71,-10,1
RAW,175797,206,-70,10,1
RAW,175816,208,-70,10,1
RAW,175835,212,-72,0,3
RAW,175852,205,-72,-10,-1
RAW,175871,208,-72,-10,-1
RAW,175890,206,-70,0,1
RAW,175908,206,-70,0,1
RAW,175926,206,-70,21,0
RAW,175945,204,-69,32,-1
RAW,175963,202,-68,43,1
RAW,175982,204,-67,32,2
RAW,176000,202,-66,43,3
REP,5,107,1105
[176002][D][BLECharacteristic.cpp:790] onNotify(): >> onNotify: default
[176011][D][BLECharacteristic.cpp:791] onNotify(): << onNotify
[176017][D][BLECharacteristic.cpp:796] onStatus(): >> onStatus: default
[176019][D][BLEDevice.cpp:102] gattServerEventHandler(): gattServerEventHandler [esp_gatt_if: 4] ... ESP_GATTS_CONF_EVT
[176035][D][BLECharacteristic.cpp:797] onStatus(): << onStatus
RAW,176046,199,-65,41,-1
[176049][D][Tone.cpp:124] tone(): _pin=25, frequency=4000 Hz, duration=0 ms
[176058][D][Tone.cpp:31] tone_task(): Task received from queue TONE_START: _pin=25, frequency=4000 Hz, duration=0 ms
[176068][D][Tone.cpp:33] tone_task(): Setup LED controll on channel 0
RAW,176058,202,-65,35,0
RAW,176073,200,-64,36,0
RAW,176092,200,-64,27,-2
RAW,176110,198,-63,27,-1
RAW,176129,196,-62,36,3
RAW,176148,195,-60,55,1
RAW,176165,198,-60,43,-1
RAW,176184,196,-60,43,2
[176197][D][Tone.cpp:105] noTone(): noTone was called
[176202][D][Tone.cpp:45] tone_task(): Task received from queue TONE_END: pin=25
RAW,176202,195,-60,32,1
RAW,176221,196,-59,32,-2
RAW,176240,197,-60,0,1
RAW,176258,195,-60,0,-2
RAW,176276,195,-59,10,-1
RAW,176295,198,-60,0,-3
[176296][D][Tone.cpp:124] tone(): _pin=25, frequency=4000 Hz, duration=0 ms
[176305][D][Tone.cpp:31] tone_task(): Task received from queue TONE_START: _pin=25, frequency=4000 Hz, duration=0 ms
[176315][D][Tone.cpp:33] tone_task(): Setup LED controll on channel 0
RAW,176305,195,-60,-11,-1
RAW,176332,199,-61,-10,-1
RAW,176350,197,-61,-10,1
RAW,176368,200,-62,-32,-2
RAW,176387,203,-64,-43,1
RAW,176405,204,-66,-60,1
RAW,176424,204,-67,-65,0
RAW,176442,195,-65,-43,0
[176447][D][Tone.cpp:105] noTone(): noTone was called
[176452][D][Tone.cpp:45] tone_task(): Task received from queue TONE_END: pin=25
Sensor timeout, resetting rep state
RAW,177250,93,-28,38,15
RAW,177270,95,8,81,-1
RAW,177288,97,41,121,-1
RAW,177307,111,35,115,1
RAW,177325,114,28,105,3
RAW,177343,106,25,569,1
RAW,177362,108,26,195,0
RAW,177380,104,30,-119,2
RAW,177398,103,31,-43,2
RAW,177417,107,31,32,1
RAW,177435,109,29,43,1
RAW,177454,107,28,21,-2
RAW,177472,109,27,-32,-1
RAW,177490,110,27,-43,1
RAW,177509,108,27,-43,-1
RAW,177527,110,26,-32,2
RAW,177545,110,26,-21,0
RAW,177564,111,25,-21,3
RAW,177583,111,25,-21,2
RAW,177601,109,25,-21,2
RAW,177620,108,26,0,1
RAW,177638,112,26,0,0
RAW,177656,107,27,21,-1
RAW,177675,110,26,10,-3
RAW,177693,109,27,21,0
RAW,177711,112,25,-10,-2
RAW,177730,109,26,0,1
RAW,177748,112,25,-21,2
RAW,177766,111,25,-10,2
RAW,177785,112,24,-32,1
RAW,177804,115,23,-21,0
RAW,177821,107,24,-21,2
RAW,177840,109,25,0,2
RAW,177859,112,26,10,2
RAW,177877,110,25,10,1
RAW,177896,111,25,21,-3
RAW,177914,110,25,10,-5
RAW,177932,111,25,0,2
RAW,177951,112,25,-10,2
RAW,177969,112,24,-10,-3
RAW,177987,114,23,-21,4
RAW,178006,114,22,-32,2
RAW,178024,113,22,-32,-3
RAW,178042,118,21,-43,2
RAW,178061,115,20,-43,-1
RAW,178080,119,18,-53,-1
RAW,178098,115,19,-32,-2
RAW,178116,114,20,-21,-2
RAW,178135,117,20,-10,-3
RAW,178153,119,19,-10,0
RAW,178172,116,18,0,-1
RAW,178190,117,18,-10,4
RAW,178208,114,20,0,1
RAW,178227,117,20,0,-3
RAW,178245,116,20,10,1
RAW,178263,119,18,0,-2
RAW,178282,120,17,-10,0
RAW,178301,116,17,-32,-1
RAW,178318,121,17,-32,-2
RAW,178337,119,17,-32,-1
RAW,178356,121,15,-32,0
RAW,178374,120,16,-10,0
RAW,178393,120,15,-21,1
RAW,178411,121,15,-21,1
RAW,178429,123,14,-32,1
RAW,178448,121,14,-10,1
RAW,178466,124,13,-32,-2
RAW,178484,125,12,-32,-2
RAW,178503,125,11,-43,-1
RAW,178521,125,11,-32,-1
RAW,178539,127,10,-43,1
RAW,178558,126,10,-32,1
RAW,178577,122,11,-10,-1
RAW,178595,124,12,10,-1
RAW,178613,126,12,10,1
RAW,178632,122,12,21,1
RAW,178650,125,11,10,1
RAW,178669,124,12,10,1
RAW,178687,124,11,-10,-1
RAW,178705,117,14,21,0
RAW,178724,122,15,32,-1
RAW,178742,122,15,43,-1
RAW,178760,123,13,10,-3
RAW,178779,121,14,32,0
RAW,178798,124,13,-10,1
RAW,178815,119,14,-10,-1
RAW,178834,126,13,-21,0
RAW,178853,120,14,10,0
RAW,178871,121,13,-10,1
RAW,178890,122,15,21,1
RAW,178908,122,14,0,1
RAW,178926,120,14,10,-1
RAW,178945,121,15,10,1
RAW,178963,120,15,21,0
RAW,178981,123,14,-10,-1
RAW,179000,122,14,0,-2
RAW,179018,121,14,0,-1
RAW,179036,123,14,-10,1
RAW,179055,120,14,-10,-2
RAW,179074,120,15,10,-2
RAW,179092,123,15,10,-4
RAW,179110,120,15,10,2
RAW,179129,123,14,0,2
RAW,179147,123,14,0,-2
RAW,179166,126,12,-32,1
RAW,179184,122,12,-32,2
RAW,179202,124,12,-32,1
RAW,179221,124,12,-21,-1
RAW,179239,123,12,-21,-1
RAW,179257,126,11,-10,-1
RAW,179276,124,11,-10,1
RAW,179295,121,12,0,-1
RAW,179312,122,13,10,-1
RAW,179331,125,13,10,-1
RAW,179350,123,12,10,2
RAW,179368,124,12,10,-1
RAW,179386,121,13,10,-1
RAW,179405,120,14,10,-1
RAW,179423,120,15,21,-2
RAW,179442,124,14,21,1
RAW,179460,124,13,10,-1
RAW,179478,121,13,0,2
RAW,179497,124,13,-10,2
RAW,179515,122,13,-21,-1
RAW,179533,122,13,-10,3
RAW,179552,123,13,0,1
RAW,179571,122,13,0,-1
RAW,179589,123,13,0,1
RAW,179607,121,14,10,0
RAW,179626,121,14,10,-2
REJECT,rom=35,total=2134
RAW,179644,119,15,21,-1
RAW,179663,122,15,21,-1
RAW,179681,121,15,21,-2
RAW,179699,123,14,0,-1
RAW,179718,120,14,0,-1
RAW,179736,122,14,-10,1
RAW,179754,122,14,-10,2
RAW,179773,121,14,-10,0
RAW,179792,121,14,0,1
RAW,179809,120,15,10,1
RAW,179828,122,15,10,1
RAW,179847,122,14,0,-1
RAW,179865,120,14,0,1
RAW,179884,122,14,0,2
RAW,179902,124,14,-10,-2
RAW,179920,122,13,-21,-1
RAW,179939,121,13,-10,1
RAW,179957,121,14,0,1
RAW,179975,126,13,-10,2
RAW,179994,121,13,-10,1
RAW,180012,120,13,0,1
RAW,180031,124,14,10,-1
RAW,180049,121,14,0,2
RAW,180068,124,13,0,1
RAW,180086,122,13,0,-1
RAW,180104,123,13,0,-2
RAW,180123,120,14,0,1
RAW,180141,122,14,0,-1
RAW,180160,118,16,32,0
RAW,180178,121,15,21,2
RAW,180196,123,15,21,1
RAW,180215,122,14,0,-1
RAW,180233,120,14,0,1
RAW,180251,122,14,-21,1
RAW,180270,123,14,-10,-2
RAW,180288,120,14,-10,-1
RAW,180306,122,14,0,-1
RAW,180325,121,15,10,-1
RAW,180344,122,14,0,-1
RAW,180362,119,15,10,-1
RAW,180381,122,15,10,-1
RAW,180399,123,14,0,1
RAW,180417,123,13,-21,0
RAW,180436,118,14,0,0
RAW,180454,119,16,10,-1
RAW,180472,123,16,10,2
RAW,180491,121,15,10,-1
RAW,180510,119,15,21,-1
RAW,180527,119,16,21,-1
RAW,180546,122,16,0,-1
RAW,180565,122,15,-10,-2
RAW,180583,125,13,-21,2
RAW,180602,123,12,-32,1
RAW,180620,124,12,-43,1
RAW,180638,123,12,-43,-1
RAW,180657,123,12,-32,-1
RAW,180675,122,13,0,-1
RAW,180693,121,14,21,-2
RAW,180712,126,13,10,-1
RAW,180730,124,12,0,-2
RAW,180748,124,11,-10,-3
RAW,180767,123,12,-10,1
RAW,180785,124,12,-21,1
RAW,180804,125,12,-10,-3
RAW,180822,124,11,-10,-1
RAW,180841,124,11,0,1
RAW,180859,123,12,0,1
RAW,180878,122,13,10,2
RAW,180896,124,13,10,-2
RAW,180914,120,14,32,-1
RAW,180933,124,13,21,-1
RAW,180951,126,12,0,1
RAW,180969,122,12,-10,0
RAW,180988,124,12,-10,0
RAW,181006,125,12,-21,-1
RAW,181024,126,11,-21,2
RAW,181043,123,11,-10,1
RAW,181062,125,11,-10,1
RAW,181080,124,12,0,2
RAW,181099,124,11,-10,2
RAW,181117,126,11,0,2
RAW,181135,119,13,21,-7
RAW,181154,123,13,21,-6
RAW,181172,129,12,0,24
RAW,181190,127,9,-21,8
RAW,181209,126,8,-32,-9
RAW,181227,121,11,-21,10
RAW,181245,125,12,-10,-5
RAW,181264,127,11,-10,2
RAW,181283,124,10,10,1
RAW,181301,124,11,32,-1
RAW,181320,126,11,0,-2
RAW,181338,126,10,-21,-1
RAW,181356,127,9,-21,1
RAW,181375,125,10,0,0
RAW,181393,124,10,-10,2
RAW,181411,126,11,0,3
RAW,181430,124,11,10,-1
RAW,181448,128,10,10,-1
RAW,181466,128,9,-10,-1
RAW,181485,125,9,-10,1
RAW,181503,124,10,-10,-1
RAW,181522,123,12,10,1
RAW,181540,124,12,21,-2
RAW,181559,125,12,32,0
RAW,181577,127,10,10,1
RAW,181596,128,9,-10,1
RAW,181614,127,8,-43,-2
RAW,181632,125,9,-32,0
RAW,181651,123,11,-10,0
RAW,181669,129,10,0,-1
RAW,181687,125,10,10,1
RAW,181706,124,10,21,-1
RAW,181724,128,10,10,1
RAW,181743,125,10,-10,-1
RAW,181762,127,9,-10,1
RAW,181780,126,10,0,-2
RAW,181798,127,9,-10,2
RAW,181817,125,10,0,1
RAW,181835,128,9,-10,-1
RAW,181853,128,9,0,-2
RAW,181872,131,7,-32,-1
RAW,181890,131,6,-32,-2
RAW,181908,131,5,-54,1
RAW,181927,133,4,-54,-3
RAW,181946,135,3,-64,-2
RAW,181963,138,0,-76,-2
RAW,181982,144,-3,-97,-1
RAW,182001,141,-5,-107,1
RAW,182019,147,-8,-130,-2
RAW,182037,151,-10,-142,0
RAW,182056,157,-15,-161,1
RAW,182074,162,-20,-184,0
RAW,182093,169,-26,-228,-1
RAW,182111,175,-32,-260,-1
RAW,182129,176,-37,-293,-2
RAW,182148,183,-42,-293,0
RAW,182166,190,-47,-293,-1
RAW,182184,192,-52,-285,3
RAW,182203,192,-55,-250,1
RAW,182222,197,-57,-215,1
RAW,182240,200,-60,-195,0
RAW,182258,199,-62,-163,-1
RAW,182277,199,-63,-118,-1
RAW,182295,197,-62,-76,0
RAW,182314,193,-60,-32,-1
RAW,182332,190,-57,32,0
RAW,182350,186,-53,97,0
RAW,182369,178,-48,163,-1
RAW,182388,172,-42,215,1
RAW,182405,160,-34,285,2
RAW,182424,149,-24,358,0
RAW,182443,142,-14,419,1
RAW,182460,134,-5,472,1
RAW,182479,116,5,516,3
RAW,182498,106,17,548,1
RAW,182516,91,31,597,0
RAW,182535,82,43,619,-1
RAW,182553,77,52,612,2
RAW,182571,64,61,608,0
RAW,182590,55,70,576,0
RAW,182608,47,80,532,1
RAW,182626,42,88,494,-1
RAW,182645,42,92,434,1
RAW,182664,40,94,354,-2
RAW,182681,40,95,274,1
RAW,182700,41,95,163,2
RAW,182719,40,95,75,1
RAW,182737,40,95,32,-2
RAW,182756,43,95,10,0
RAW,182774,48,92,-32,-2
RAW,182792,49,89,-65,1
RAW,182811,59,84,-119,1
RAW,182829,64,78,-184,1
RAW,182847,71,71,-263,1
RAW,182866,82,63,-315,1
RAW,182885,85,56,-354,1
RAW,182902,96,48,-395,-2
RAW,182921,106,40,-413,-1
RAW,182940,110,32,-419,1
RAW,182958,115,25,-413,-1
RAW,182977,127,18,-413,2
RAW,182995,138,9,-419,0
RAW,183013,146,-1,-445,-1
RAW,183032,157,-11,-467,-1
RAW,183050,163,-19,-478,-2
RAW,183068,168,-26,-483,0
RAW,183087,174,-32,-445,-2
RAW,183106,184,-39,-408,-2
RAW,183124,186,-45,-369,0
RAW,183142,195,-52,-358,0
RAW,183161,198,-57,-333,0
RAW,183179,201,-62,-326,0
RAW,183198,199,-63,-260,2
RAW,183216,200,-64,-206,2
RAW,183234,203,-64,-130,2
RAW,183253,202,-65,-86,1
RAW,183271,199,-65,-32,1
RAW,183289,201,-64,-10,1
RAW,183308,198,-63,10,1
RAW,183327,199,-63,10,-1
RAW,183344,196,-61,43,-1
RAW,183363,195,-60,54,1
RAW,183382,192,-58,64,1
RAW,183400,192,-57,65,3
RAW,183419,191,-55,86,0
RAW,183437,190,-55,64,-2
RAW,183455,189,-54,65,-2
REP,6,95,829
[183458][D][BLECharacteristic.cpp:790] onNotify(): >> onNotify: default
[183467][D][BLECharacteristic.cpp:791] onNotify(): << onNotify
[183473][D][BLECharacteristic.cpp:796] onStatus(): >> onStatus: default
[183475][D][BLEDevice.cpp:102] gattServerEventHandler(): gattServerEventHandler [esp_gatt_if: 4] ... ESP_GATTS_CONF_EVT
[183490][D][BLECharacteristic.cpp:797] onStatus(): << onStatus
RAW,183496,186,-52,52,1
[183499][D][Tone.cpp:124] tone(): _pin=25, frequency=4000 Hz, duration=0 ms
[183508][D][Tone.cpp:31] tone_task(): Task received from queue TONE_START: _pin=25, frequency=4000 Hz, duration=0 ms
[183518][D][Tone.cpp:33] tone_task(): Setup LED controll on channel 0
RAW,183508,184,-50,64,0
RAW,183528,180,-47,73,1
RAW,183551,184,-46,78,0
RAW,183566,178,-44,90,-1
RAW,183584,179,-44,90,1
RAW,183603,178,-42,84,2
RAW,183621,179,-42,53,-2
RAW,183639,181,-43,34,-1
[183647][D][Tone.cpp:105] noTone(): noTone was called
[183652][D][Tone.cpp:45] tone_task(): Task received from queue TONE_END: pin=25
RAW,183652,178,-43,11,1
RAW,183676,178,-43,10,0
RAW,183695,181,-43,-10,1
RAW,183713,180,-43,-10,3
RAW,183731,180,-44,-10,1
RAW,183750,182,-44,-10,0
RAW,183768,180,-44,-10,1
RAW,183786,182,-45,-21,-2
RAW,183805,183,-45,-21,0
RAW,183823,180,-45,-10,1
RAW,183842,181,-45,-10,-1
RAW,183860,181,-44,0,-1
RAW,183879,176,-43,21,2
RAW,183897,178,-42,32,-1
RAW,183916,179,-41,43,-1
RAW,183934,180,-43,21,-2
RAW,183952,181,-44,0,-1
RAW,183971,181,-44,-10,-1
RAW,183989,177,-43,-10,1
RAW,184007,177,-42,-10,-1
RAW,184026,179,-41,21,-1
RAW,184045,176,-41,32,-2
RAW,184062,177,-41,32,-1
RAW,184081,174,-39,43,-1
RAW,184100,175,-39,32,-2
RAW,184118,175,-38,32,1
RAW,184136,176,-39,21,0
RAW,184155,176,-39,21,-2
RAW,184173,174,-39,0,-2
RAW,184192,174,-38,10,-2
RAW,184210,177,-39,-10,-1
RAW,184228,173,-38,10,0
RAW,184247,176,-39,0,-1
RAW,184265,173,-38,10,0
RAW,184283,176,-39,-10,-1
RAW,184302,175,-38,10,-2
RAW,184320,173,-38,0,-2
RAW,184339,174,-38,10,0
RAW,184357,173,-37,10,-2
RAW,184376,172,-37,21,-1
RAW,184394,173,-36,21,1
RAW,184413,171,-36,21,-2
RAW,184431,172,-36,21,-1
RAW,184449,170,-35,21,0
RAW,184468,168,-34,32,0
RAW,184486,167,-32,43,-1
RAW,184504,169,-32,43,-1
RAW,184523,168,-32,43,-1
RAW,184541,169,-32,32,2
RAW,184559,170,-33,10,1
RAW,184578,170,-33,-10,-1
RAW,184597,168,-33,-10,-1
RAW,184615,168,-32,0,-1
RAW,184633,168,-32,0,-1
RAW,184652,167,-31,21,-1
RAW,184670,167,-31,21,1
RAW,184689,168,-31,21,0
RAW,184707,164,-30,21,-1
RAW,184725,163,-29,32,1
RAW,184744,161,-26,54,0
RAW,184762,160,-25,65,-1
RAW,184780,158,-23,87,0
RAW,184799,155,-21,97,-1
RAW,184818,153,-19,107,0
RAW,184835,146,-15,120,-1
RAW,184854,135,-8,184,-2
RAW,184873,136,-3,215,1
RAW,184891,128,3,260,-2
RAW,184910,122,7,282,-2
RAW,184928,111,15,322,-1
RAW,184946,108,22,326,-1
RAW,184965,100,29,347,0
RAW,184983,94,35,347,1
RAW,185001,85,43,395,0
RAW,185020,78,50,380,-2
RAW,185039,73,57,376,-1
RAW,185057,66,63,369,2
RAW,185075,62,69,369,-1
RAW,185094,53,75,344,-2
RAW,185112,54,79,315,-2
RAW,185131,52,83,282,1
RAW,185149,51,83,217,1
RAW,185167,52,84,163,0
RAW,185186,49,85,108,1
RAW,185204,51,85,65,2
RAW,185222,53,85,21,0
RAW,185241,58,82,-10,-1
RAW,185259,61,78,-65,-1
RAW,185277,68,73,-131,-1
RAW,185296,72,69,-173,1
RAW,185315,79,63,-236,0
RAW,185333,85,57,-271,0
RAW,185352,86,52,-279,0
RAW,185370,100,45,-301,1
RAW,185388,104,39,-326,-1
RAW,185407,118,28,-380,1
RAW,185425,120,22,-380,0
RAW,185443,127,14,-417,-1
RAW,185462,139,7,-413,1
RAW,185480,145,-1,-434,1
RAW,185498,152,-9,-406,0
RAW,185517,158,-15,-402,-1
RAW,185535,159,-20,-369,1
RAW,185553,167,-25,-351,1
RAW,185572,175,-31,-326,1
RAW,185591,176,-36,-290,-1
RAW,185609,177,-40,-271,2
RAW,185628,186,-43,-247,1
RAW,185646,190,-48,-247,1
RAW,185664,190,-52,-228,0
RAW,185683,189,-53,-184,2
RAW,185701,196,-55,-163,0
RAW,185719,196,-57,-153,-2
RAW,185738,193,-59,-119,2
RAW,185757,195,-58,-64,1
RAW,185774,193,-57,-43,1
RAW,185793,191,-57,-21,-1
RAW,185812,195,-57,0,1
RAW,185830,190,-56,32,1
RAW,185848,191,-56,21,0
RAW,185867,190,-54,32,1
RAW,185885,188,-53,43,0
RAW,185904,188,-52,54,-2
RAW,185922,191,-53,32,1
RAW,185940,188,-53,32,1
RAW,185959,187,-52,21,0
RAW,185977,187,-51,21,1
RAW,185996,184,-50,21,1
RAW,186014,183,-48,54,0
REP,7,150,2485
[186016][D][BLECharacteristic.cpp:790] onNotify(): >> onNotify: default
[186025][D][BLECharacteristic.cpp:791] onNotify(): << onNotify
[186032][D][BLECharacteristic.cpp:796] onStatus(): >> onStatus: default
[186033][D][BLEDevice.cpp:102] gattServerEventHandler(): gattServerEventHandler [esp_gatt_if: 4] ... ESP_GATTS_CONF_EVT
[186049][D][BLECharacteristic.cpp:797] onStatus(): << onStatus
RAW,186060,180,-46,58,1
[186063][D][Tone.cpp:124] tone(): _pin=25, frequency=4000 Hz, duration=0 ms
[186072][D][Tone.cpp:31] tone_task(): Task received from queue TONE_START: _pin=25, frequency=4000 Hz, duration=0 ms
[186082][D][Tone.cpp:33] tone_task(): Setup LED controll on channel 0
RAW,186072,180,-45,61,0
RAW,186087,181,-44,63,0
RAW,186106,179,-44,54,-1
RAW,186124,178,-43,45,-1
RAW,186143,180,-43,36,1
RAW,186162,177,-42,33,-1
RAW,186179,180,-43,10,-1
RAW,186198,179,-42,21,1
[186211][D][Tone.cpp:105] noTone(): noTone was called
[186217][D][Tone.cpp:45] tone_task(): Task received from queue TONE_END: pin=25
RAW,186216,181,-44,-10,-1
RAW,186235,180,-44,-10,-1
RAW,186254,177,-43,-10,-1
RAW,186272,180,-43,0,2
RAW,186290,178,-42,0,-1
RAW,186309,178,-42,21,-1
RAW,186327,179,-42,21,-1
RAW,186345,177,-42,10,-1
RAW,186364,177,-41,21,-2
RAW,186383,178,-41,10,2
RAW,186400,179,-42,0,1
RAW,186419,181,-43,-10,3
RAW,186438,177,-43,-10,1
RAW,186456,179,-43,-21,-1
RAW,186475,177,-41,0,2
RAW,186493,178,-42,0,0
RAW,186511,178,-41,21,-1
RAW,186530,179,-42,10,0
RAW,186548,184,-44,-10,2
RAW,186566,182,-45,-43,-1
RAW,186585,187,-48,-65,-1
RAW,186603,190,-50,-97,-1
RAW,186621,190,-53,-120,0
RAW,186640,196,-56,-130,0
RAW,186659,193,-57,-129,3
RAW,186677,185,-55,-76,1
RAW,186695,174,-48,21,-1
Sensor timeout, resetting rep state
ets Jul 29 2019 12:21:46

rst:0x1 (POWERON_RESET),boot:0x13 (SPI_FAST_FLASH_BOOT)
configsip: 0, SPIWP:0xee
clk_drv:0x00,q_drv:0x00,d_drv:0x00,cs0_drv:0x00,hd_drv:0x00,wp_drv:0x00
mode:DIO, clock div:2
load:0x3fff0030,len:1184
load:0x40078000,len:13232
load:0x40080400,len:3028
entry 0x400805e4
[     7][D][esp32-hal-cpu.c:244] setCpuFrequencyMhz(): PLL: 480 / 2 = 240 Mhz, APB: 80000000 Hz
Starting StackSense
Sample size: 5
[   723][I][esp32-hal-i2c.c:75] i2cInit(): Initialising I2C Master: sda=21 scl=22 freq=100000
[  1452][D][BLEDevice.cpp:102] gattServerEventHandler(): gattServerEventHandler [esp_gatt_if: 4] ... ESP_GATTS_REG_EVT
[  1465][D][BLEDevice.cpp:102] gattServerEventHandler(): gattServerEventHandler [esp_gatt_if: 4] ... ESP_GATTS_CREATE_EVT
[  1477][D][BLEService.cpp:225] addCharacteristic(): Adding characteristic: uuid=beb5483e-36e1-4688-b7f5-ea07361b26a8 to service: UUID: 4fafc201-1fb5-459e-8fcc-c5c9c331914b, handle: 0x0028
[  1495][D][BLECharacteristic.cpp:90] executeCreate(): Registering characteristic (esp_ble_gatts_add_char): uuid: beb5483e-36e1-4688-b7f5-ea07361b26a8, service: UUID: 4fafc201-1fb5-459e-8fcc-c5c9c331914b, handle: 0x0028
[  1515][D][BLEDevice.cpp:102] gattServerEventHandler(): gattServerEventHandler [esp_gatt_if: 4] ... ESP_GATTS_ADD_CHAR_EVT
[  1527][D][BLEDevice.cpp:102] gattServerEventHandler(): gattServerEventHandler [esp_gatt_if: 4] ... ESP_GATTS_ADD_CHAR_DESCR_EVT
[  1539][D][BLEDevice.cpp:102] gattServerEventHandler(): gattServerEventHandler [esp_gatt_if: 4] ... ESP_GATTS_START_EVT
[  1550][I][BLEDevice.cpp:577] getAdvertising(): create advertising
[  1557][D][BLEDevice.cpp:579] getAdvertising(): get advertising
[  1563][D][BLEDevice.cpp:579] getAdvertising(): get advertising
[  1568][D][BLEAdvertising.cpp:199] start(): - advertising service: 4fafc201-1fb5-459e-8fcc-c5c9c331914b
Free heap: 112192 bytes
[  1585][D][BLEDevice.cpp:579] getAdvertising(): get advertising
[  1597][D][BLEAdvertising.cpp:506] handleGAPEvent(): handleGAPEvent [event no: 0]
[  1605][D][BLEDevice.cpp:579] getAdvertising(): get advertising
[  1611][D][BLEAdvertising.cpp:506] handleGAPEvent(): handleGAPEvent [event no: 1]
[  1619][D][BLEDevice.cpp:579] getAdvertising(): get advertising
[  1625][D][BLEAdvertising.cpp:506] handleGAPEvent(): handleGAPEvent [event no: 6]
[  6079][D][BLEDevice.cpp:102] gattServerEventHandler(): gattServerEventHandler [esp_gatt_if: 4] ... ESP_GATTS_CONNECT_EVT
[  6090][D][BLEServer.cpp:366] onConnect(): BLEServerCallbacks
[  6096][D][BLEServer.cpp:367] onConnect(): BLEServerCallbacks
[  6103][D][BLEServer.cpp:368] onConnect(): BLEServerCallbacks
[  6227][D][BLEDevice.cpp:102] gattServerEventHandler(): gattServerEventHandler [esp_gatt_if: 4] ... ESP_GATTS_MTU_EVT
[  6240][D][BLEServer.cpp:385] onMtuChanged(): BLEServerCallbacks
[  6246][D][BLEServer.cpp:386] onMtuChanged(): BLEServerCallbacks
[  6253][D][BLEServer.cpp:387] onMtuChanged(): BLEServerCallbacks
