[     7][D][esp32-hal-cpu.c:244] setCpuFrequencyMhz(): PLL: 480 / 2 = 240 Mhz, APB: 80000000 Hz
Starting StackSense
Sample size: 5
[   728][I][esp32-hal-i2c.c:75] i2cInit(): Initialising I2C Master: sda=21 scl=22 freq=100000
Free heap: 303980 bytes
Start pressed
Set 1 started, baseline=173mm, restingG=1.035
RAW,38506,171,2,0,-5
[ 39408][D][Tone.cpp:124] tone(): _pin=25, frequency=3400 Hz, duration=0 ms
[ 39415][D][Tone.cpp:31] tone_task(): Task received from queue TONE_START: _pin=25, frequency=3400 Hz, duration=0 ms
RAW,39415,174,0,-2,-5
[ 39427][D][Tone.cpp:33] tone_task(): Setup LED controll on channel 0
E (43191) ledc: ledc_get_duty(745): LEDC is not initialized
RAW,39434,172,0,-2,9
RAW,39452,171,0,-2,-10
RAW,39470,171,1,-1,5
RAW,39489,172,1,-1,-14
RAW,39507,172,1,10,-8
RAW,39525,173,0,0,4
RAW,39544,172,0,0,-3
[ 39557][D][Tone.cpp:105] noTone(): noTone was called
[ 39562][D][Tone.cpp:45] tone_task(): Task received from queue TONE_END: pin=25
RAW,39562,169,1,0,-2
RAW,39581,171,2,10,-3
RAW,39599,173,2,10,-4
RAW,39618,171,1,10,-1
RAW,39636,176,0,0,3
RAW,39654,173,0,-10,2
RAW,39673,172,0,-21,-3
RAW,39691,172,0,-21,3
RAW,39710,172,1,0,1
RAW,39728,175,0,0,0
RAW,39746,172,0,0,2
RAW,39765,173,0,0,3
RAW,39783,171,1,10,3
RAW,39801,170,1,0,2
RAW,39820,174,1,10,-1
RAW,39838,173,0,0,-2
RAW,39856,170,0,0,1
RAW,39875,170,2,10,3
RAW,39893,170,3,21,-1
RAW,39911,171,2,10,1
RAW,39930,169,3,32,-3
RAW,39948,172,2,21,-2
RAW,39966,170,2,0,-1
RAW,39985,167,3,0,0
RAW,40004,167,5,32,-1
RAW,40022,171,4,10,-3
RAW,40040,166,5,32,-1
RAW,40059,163,6,43,2
RAW,40077,162,9,65,1
RAW,40095,161,11,65,2
RAW,40114,159,12,86,1
RAW,40132,157,14,97,2
RAW,40150,157,15,98,-1
RAW,40169,153,17,86,2
RAW,40187,152,19,86,1
RAW,40206,147,22,108,-2
RAW,40224,142,26,130,-1
RAW,40242,135,31,173,-1
RAW,40261,127,38,228,0
RAW,40279,118,46,293,1
RAW,40297,108,55,362,1
RAW,40316,99,64,413,-1
RAW,40334,92,73,456,1
RAW,40352,91,79,450,-1
RAW,40371,82,84,413,0
RAW,40389,73,91,391,0
RAW,40407,69,98,373,2
RAW,40426,65,104,336,-2
RAW,40445,59,108,311,-1
RAW,40462,50,115,340,-2
RAW,40481,47,121,326,0
RAW,40500,39,127,311,-1
RAW,40518,38,131,293,0
RAW,40536,34,136,307,-2
RAW,40555,32,138,247,1
RAW,40573,30,141,217,-1
RAW,40591,28,143,175,2
RAW,40610,34,142,119,2
RAW,40628,35,140,43,2
RAW,40646,42,136,-21,0
RAW,40665,42,133,-86,-3
RAW,40683,50,128,-163,1
RAW,40702,60,122,-217,-1
RAW,40720,67,114,-282,2
RAW,40738,77,105,-336,1
RAW,40757,83,97,-391,1
RAW,40775,91,89,-423,-2
RAW,40793,106,79,-472,-2
RAW,40812,113,69,-489,2
RAW,40830,119,60,-489,1
RAW,40848,132,51,-505,1
RAW,40867,139,43,-500,0
RAW,40885,152,32,-510,2
RAW,40903,163,21,-527,1
RAW,40922,169,11,-532,1
RAW,40941,179,2,-526,0
RAW,40959,189,-6,-532,-1
RAW,40977,194,-14,-500,0
RAW,40996,202,-22,-462,-1
RAW,41014,210,-29,-434,-1
RAW,41033,220,-37,-423,2
RAW,41051,224,-45,-423,-1
RAW,41069,224,-49,-380,1
RAW,41088,231,-53,-336,2
RAW,41106,238,-58,-315,2
RAW,41124,237,-62,-274,1
RAW,41143,241,-65,-217,3
RAW,41161,239,-66,-184,2
RAW,41179,238,-66,-142,2
RAW,41198,240,-66,-86,2
RAW,41216,238,-65,-32,1
RAW,41234,237,-65,0,1
RAW,41253,238,-64,21,2
RAW,41271,232,-62,43,3
RAW,41289,230,-60,65,2
RAW,41308,232,-58,76,2
RAW,41327,230,-57,86,-1
RAW,41344,223,-55,98,1
REP,1,143,1047
[ 41346][D][Tone.cpp:124] tone(): _pin=25, frequency=4000 Hz, duration=0 ms
[ 41356][D][Tone.cpp:31] tone_task(): Task received from queue TONE_START: _pin=25, frequency=4000 Hz, duration=0 ms
[ 41367][D][Tone.cpp:33] tone_task(): Setup LED controll on channel 0
RAW,41356,222,-52,117,1
RAW,41381,219,-48,130,2
RAW,41400,220,-47,119,1
RAW,41418,218,-46,120,1
RAW,41437,217,-45,107,1
RAW,41455,215,-43,90,2
RAW,41474,213,-42,64,2
RAW,41492,210,-39,86,2
[ 41496][D][Tone.cpp:105] noTone(): noTone was called
[ 41501][D][Tone.cpp:45] tone_task(): Task received from queue TONE_END: pin=25
RAW,41510,211,-38,86,-2
RAW,41528,209,-37,87,0
RAW,41547,207,-36,76,2
RAW,41565,207,-34,87,-2
RAW,41584,206,-33,65,1
RAW,41602,207,-33,54,0
RAW,41620,207,-33,43,2
RAW,41639,206,-33,32,0
RAW,41657,203,-32,21,2
RAW,41675,206,-32,10,1
RAW,41694,200,-30,32,3
RAW,41712,201,-29,43,0
RAW,41730,197,-26,76,2
RAW,41749,198,-25,76,0
RAW,41768,195,-23,96,2
RAW,41785,190,-21,98,1
RAW,41804,190,-18,119,2
RAW,41823,187,-16,107,1
RAW,41841,183,-13,130,3
RAW,41859,179,-10,142,-1
RAW,41878,173,-5,172,1
RAW,41896,165,0,195,-1
RAW,41914,163,6,241,-1
RAW,41933,156,11,260,-1
RAW,41951,147,17,293,-2
RAW,41970,139,25,326,1
RAW,41988,132,33,358,1
RAW,42006,124,41,380,1
RAW,42025,115,49,413,2
RAW,42043,103,59,456,3
RAW,42061,93,69,483,2
RAW,42080,84,79,500,1
RAW,42098,71,90,532,1
RAW,42116,65,99,549,-3
RAW,42135,59,108,532,-11
RAW,42153,53,114,489,-2
RAW,42171,48,119,439,-4
RAW,42190,44,124,369,1
RAW,42208,44,127,304,-2
RAW,42226,44,129,230,2
RAW,42245,41,130,173,2
RAW,42264,46,129,107,3
RAW,42282,48,128,43,4
RAW,42300,57,122,-54,3
RAW,42318,62,117,-130,2
RAW,42336,70,110,-219,0
RAW,42355,76,103,-285,0
RAW,42374,83,96,-347,-3
RAW,42392,96,88,-369,-3
RAW,42410,107,77,-434,-2
RAW,42429,116,66,-473,1
RAW,42447,129,55,-521,-2
RAW,42466,137,45,-554,-1
RAW,42484,149,34,-586,1
RAW,42502,157,25,-565,4
RAW,42521,161,17,-532,3
RAW,42539,172,9,-500,2
RAW,42557,175,3,-461,3
RAW,42576,182,-3,-402,1
RAW,42594,186,-8,-358,2
RAW,42612,190,-13,-329,2
RAW,42631,194,-17,-282,2
RAW,42649,195,-20,-250,1
RAW,42667,197,-22,-208,1
RAW,42686,202,-25,-184,0
RAW,42704,204,-28,-163,-1
RAW,42722,205,-30,-142,2
RAW,42741,203,-31,-119,1
RAW,42760,202,-30,-86,2
RAW,42778,204,-30,-54,1
RAW,42796,203,-30,-21,0
RAW,42815,200,-29,10,1
RAW,42833,201,-28,32,0
RAW,42852,201,-27,32,2
RAW,42870,202,-28,21,2
RAW,42888,201,-28,21,2
RAW,42907,198,-27,21,1
RAW,42925,197,-25,32,2
RAW,42943,194,-23,43,2
RAW,42962,195,-22,65,2
RAW,42980,195,-21,76,2
RAW,42998,194,-21,65,1
RAW,43017,196,-22,32,2
RAW,43035,194,-21,21,-1
RAW,43053,193,-21,10,-1
RAW,43072,194,-20,10,0
RAW,43091,192,-20,10,-1
RAW,43108,190,-19,32,1
RAW,43127,190,-17,43,0
REP,2,196,1580
[ 43130][D][Tone.cpp:124] tone(): _pin=25, frequency=4000 Hz, duration=0 ms
[ 43139][D][Tone.cpp:31] tone_task(): Task received from queue TONE_START: _pin=25, frequency=4000 Hz, duration=0 ms
[ 43149][D][Tone.cpp:33] tone_task(): Setup LED controll on channel 0
RAW,43139,190,-17,46,0
RAW,43164,190,-17,32,0
RAW,43182,189,-16,43,2
RAW,43201,190,-16,32,1
RAW,43219,190,-16,10,0
RAW,43237,187,-16,10,3
RAW,43255,188,-15,21,-1
RAW,43274,187,-14,21,-1
[ 43279][D][Tone.cpp:105] noTone(): noTone was called
[ 43284][D][Tone.cpp:45] tone_task(): Task received from queue TONE_END: pin=25
RAW,43292,188,-14,21,-2
RAW,43311,184,-13,32,-2
RAW,43329,186,-13,32,1
RAW,43347,186,-12,32,-1
RAW,43366,186,-13,10,0
RAW,43384,186,-13,10,1
RAW,43402,186,-13,0,1
RAW,43421,186,-13,0,2
RAW,43439,184,-12,0,3
RAW,43457,183,-11,21,1
RAW,43476,179,-9,43,1
RAW,43495,174,-5,86,4
RAW,43513,172,-2,119,-1
RAW,43531,170,1,141,3
RAW,43550,164,4,161,2
RAW,43568,161,8,184,-1
RAW,43586,154,13,197,-2
RAW,43605,155,16,195,1
RAW,43623,146,21,217,0
RAW,43642,138,26,239,0
RAW,43660,130,35,293,0
RAW,43678,116,45,347,2
RAW,43697,104,56,434,-1
RAW,43715,93,68,510,3
RAW,43733,78,81,604,2
RAW,43752,68,93,630,2
RAW,43770,60,104,641,1
RAW,43788,53,112,615,1
RAW,43807,51,118,543,-1
RAW,43825,46,123,456,2
RAW,43843,46,125,351,-1
RAW,43862,42,128,260,1
RAW,43880,37,131,206,-2
RAW,43898,38,134,175,0
RAW,43917,34,136,141,2
RAW,43936,31,138,139,-2
RAW,43953,34,140,131,-1
RAW,43972,32,140,97,0
RAW,43991,28,141,75,3
RAW,44009,29,143,76,1
RAW,44027,29,144,65,2
RAW,44046,30,143,32,3
RAW,44064,32,142,21,2
RAW,44083,32,141,0,1
RAW,44101,32,141,-21,2
RAW,44119,32,141,-32,3
RAW,44138,31,141,-21,2
RAW,44156,32,141,-10,2
RAW,44174,34,140,-10,2
RAW,44193,33,140,-10,-2
RAW,44211,36,138,-32,-3
RAW,44229,41,136,-54,-1
RAW,44248,38,134,-76,-2
RAW,44266,39,133,-76,-2
RAW,44284,44,132,-87,0
RAW,44303,53,127,-119,0
RAW,44321,52,123,-141,3
RAW,44339,51,121,-142,2
RAW,44358,54,120,-141,2
RAW,44377,56,119,-139,2
RAW,44395,58,117,-108,4
RAW,44413,58,115,-86,1
RAW,44432,61,114,-75,2
RAW,44450,56,114,-65,-1
RAW,44469,61,113,-65,3
RAW,44487,54,116,-10,1
RAW,44505,63,113,-21,2
RAW,44524,55,115,10,3
RAW,44542,60,113,-10,1
RAW,44560,56,116,32,2
RAW,44579,58,115,-10,1
RAW,44597,55,116,32,1
RAW,44615,55,117,21,1
RAW,44634,52,119,65,2
RAW,44652,53,119,32,-2
RAW,44670,50,121,65,-2
RAW,44689,47,123,76,-2
RAW,44707,45,125,86,4
REP,3,175,1728
[ 44709][D][Tone.cpp:124] tone(): _pin=25, frequency=4000 Hz, duration=0 ms
[ 44718][D][Tone.cpp:31] tone_task(): Task received from queue TONE_START: _pin=25, frequency=4000 Hz, duration=0 ms
RAW,44725,48,126,76,16
[ 44731][D][Tone.cpp:33] tone_task(): Setup LED controll on channel 0
Start pressed
Set 1 completed with 3 reps
SET,1,3,291,0
[ 44743][D][Tone.cpp:124] tone(): _pin=25, frequency=3400 Hz, duration=0 ms
[ 44754][D][Tone.cpp:31] tone_task(): Task received from queue TONE_START: _pin=25, frequency=3400 Hz, duration=0 ms
[ 44765][D][Tone.cpp:33] tone_task(): Setup LED controll on channel 0
[ 44893][D][Tone.cpp:105] noTone(): noTone was called
[ 44898][D][Tone.cpp:45] tone_task(): Task received from queue TONE_END: pin=25
[ 44993][D][Tone.cpp:124] tone(): _pin=25, frequency=3400 Hz, duration=0 ms
[ 45000][D][Tone.cpp:31] tone_task(): Task received from queue TONE_START: _pin=25, frequency=3400 Hz, duration=0 ms
[ 45010][D][Tone.cpp:33] tone_task(): Setup LED controll on channel 0
[ 45143][D][Tone.cpp:105] noTone(): noTone was called
[ 45148][D][Tone.cpp:45] tone_task(): Task received from queue TONE_END: pin=25
