Start pressed
Set 1 started, baseline=110mm, restingG=1.037
[ 29190][D][Tone.cpp:124] tone(): _pin=25, frequency=3400 Hz, duration=0 ms
[ 29197][D][Tone.cpp:31] tone_task(): Task received from queue TONE_START: _pin=25, frequency=3400 Hz, duration=0 ms
[ 29208][D][Tone.cpp:33] tone_task(): Setup LED controll on channel 0
E (29210) ledc: ledc_get_duty(745): LEDC is not initialized
[ 29338][D][Tone.cpp:105] noTone(): noTone was called
[ 29343][D][Tone.cpp:45] tone_task(): Task received from queue TONE_END: pin=25
Start pressed
Set 1 completed with 0 reps
SET,1,0,0,0
[ 39301][D][Tone.cpp:124] tone(): _pin=25, frequency=3400 Hz, duration=0 ms
[ 39312][D][Tone.cpp:31] tone_task(): Task received from queue TONE_START: _pin=25, frequency=3400 Hz, duration=0 ms
[ 39322][D][Tone.cpp:33] tone_task(): Setup LED controll on channel 0
[ 39450][D][Tone.cpp:105] noTone(): noTone was called
[ 39455][D][Tone.cpp:45] tone_task(): Task received from queue TONE_END: pin=25
[ 39550][D][Tone.cpp:124] tone(): _pin=25, frequency=3400 Hz, duration=0 ms
[ 39557][D][Tone.cpp:31] tone_task(): Task received from queue TONE_START: _pin=25, frequency=3400 Hz, duration=0 ms
[ 39567][D][Tone.cpp:33] tone_task(): Setup LED controll on channel 0
[ 39700][D][Tone.cpp:105] noTone(): noTone was called
[ 39705][D][Tone.cpp:45] tone_task(): Task received from queue TONE_END: pin=25
Start pressed
Set 1 started, baseline=165mm, restingG=1.036
[ 45402][D][Tone.cpp:124] tone(): _pin=25, frequency=3400 Hz, duration=0 ms
[ 45409][D][Tone.cpp:31] tone_task(): Task received from queue TONE_START: _pin=25, frequency=3400 Hz, duration=0 ms
[ 45419][D][Tone.cpp:33] tone_task(): Setup LED controll on channel 0
RAW,45409,158,7,0,2
RAW,45484,158,7,0,3
[ 45551][D][Tone.cpp:105] noTone(): noTone was called
[ 45556][D][Tone.cpp:45] tone_task(): Task received from queue TONE_END: pin=25
RAW,45556,159,6,-6,-3
RAW,45631,164,4,-13,2
RAW,45705,166,2,-16,3
RAW,45779,168,-1,-21,-2
RAW,45852,168,-2,-24,2
RAW,45925,168,-3,-24,2
RAW,46000,169,-3,-18,2
RAW,46073,163,-1,-8,2
RAW,46147,164,0,2,-2
RAW,46220,162,2,10,-3
RAW,46294,157,4,18,3
RAW,46368,153,7,27,2
RAW,46441,148,12,35,-2
RAW,46515,134,20,54,2
RAW,46589,112,33,84,-2
RAW,46662,83,55,138,-15
RAW,47011,79,73,102,118
RAW,47086,102,77,100,14
RAW,47159,132,60,62,2
RAW,47233,166,31,-3,2
RAW,47306,190,2,-82,2
RAW,47381,209,-23,-259,-1
RAW,47454,226,-43,-326,-3
RAW,47528,237,-59,-322,2
RAW,47601,235,-67,-266,2
RAW,47675,223,-66,-184,-2
RAW,47749,207,-56,-89,1
RAW,47821,188,-41,5,-2
RAW,47896,163,-21,103,2
REP,1,77,1381
[ 47906][D][Tone.cpp:124] tone(): _pin=25, frequency=4000 Hz, duration=0 ms
[ 47913][D][Tone.cpp:31] tone_task(): Task received from queue TONE_START: _pin=25, frequency=4000 Hz, duration=0 ms
[ 47923][D][Tone.cpp:33] tone_task(): Setup LED controll on channel 0
RAW,47969,125,6,198,-1
RAW,48043,80,42,293,-2
[ 48054][D][Tone.cpp:105] noTone(): noTone was called
[ 48059][D][Tone.cpp:45] tone_task(): Task received from queue TONE_END: pin=25
RAW,48447,90,66,174,3
RAW,48522,116,69,156,2
RAW,48596,143,48,98,-2
RAW,48669,175,20,20,1
RAW,48742,208,-10,-74,3
RAW,48817,235,-41,-289,1
RAW,48890,258,-68,-372,-1
RAW,48964,271,-89,-372,-1
RAW,49037,277,-103,-334,1
RAW,49111,273,-108,-265,2
RAW,49185,262,-105,-173,-3
RAW,49258,244,-94,-70,2
RAW,49332,215,-75,38,1
RAW,49406,186,-50,143,2
REP,2,136,1510
[ 49409][D][Tone.cpp:124] tone(): _pin=25, frequency=4000 Hz, duration=0 ms
[ 49417][D][Tone.cpp:31] tone_task(): Task received from queue TONE_START: _pin=25, frequency=4000 Hz, duration=0 ms
[ 49428][D][Tone.cpp:33] tone_task(): Setup LED controll on channel 0
RAW,49479,150,-18,244,1
RAW,49553,114,15,326,-3
[ 49557][D][Tone.cpp:105] noTone(): noTone was called
[ 49562][D][Tone.cpp:45] tone_task(): Task received from queue TONE_END: pin=25
RAW,49627,84,49,387,1
RAW,49939,75,74,245,2
RAW,50013,94,80,214,2
RAW,50087,121,68,141,2
RAW,50161,158,40,41,1
RAW,50234,194,7,-69,-2
RAW,50308,225,-27,-273,2
RAW,50382,252,-58,-373,-2
RAW,50454,285,-89,-427,-2
RAW,50529,302,-114,-418,2
RAW,50602,313,-135,-385,-2
RAW,50674,386,-168,-385,-2
Sensor timeout, resetting rep state
RAW,52755,96,-100,-17,-8
RAW,52829,95,-27,26,2
RAW,52903,94,70,77,-2
RAW,52976,92,71,86,-6
RAW,53051,91,72,100,-7
RAW,53124,85,75,474,3
RAW,53198,81,79,287,-3
RAW,53271,70,86,43,-2
RAW,53731,131,71,0,3
RAW,53804,109,61,-14,2
Sensor timeout, resetting rep state
Start pressed
Set 1 completed with 2 reps
SET,1,2,71,0
[ 54462][D][Tone.cpp:124] tone(): _pin=25, frequency=3400 Hz, duration=0 ms
[ 54473][D][Tone.cpp:31] tone_task(): Task received from queue TONE_START: _pin=25, frequency=3400 Hz, duration=0 ms
[ 54483][D][Tone.cpp:33] tone_task(): Setup LED controll on channel 0
[ 54611][D][Tone.cpp:105] noTone(): noTone was called
[ 54616][D][Tone.cpp:45] tone_task(): Task received from queue TONE_END: pin=25
Start pressed
Not enough valid distance initial readings, canceling set start
[ 55515][D][Tone.cpp:124] tone(): _pin=25, frequency=2400 Hz, duration=0 ms
[ 55527][D][Tone.cpp:31] tone_task(): Task received from queue TONE_START: _pin=25, frequency=2400 Hz, duration=0 ms
[ 55537][D][Tone.cpp:33] tone_task(): Setup LED controll on channel 0
[ 55665][D][Tone.cpp:105] noTone(): noTone was called
[ 55670][D][Tone.cpp:45] tone_task(): Task received from queue TONE_END: pin=25
[ 55765][D][Tone.cpp:124] tone(): _pin=25, frequency=2400 Hz, duration=0 ms
[ 55772][D][Tone.cpp:31] tone_task(): Task received from queue TONE_START: _pin=25, frequency=2400 Hz, duration=0 ms
[ 55782][D][Tone.cpp:33] tone_task(): Setup LED controll on channel 0
[ 55915][D][Tone.cpp:105] noTone(): noTone was called
[ 55920][D][Tone.cpp:45] tone_task(): Task received from queue TONE_END: pin=25
[ 56015][D][Tone.cpp:124] tone(): _pin=25, frequency=2400 Hz, duration=0 ms
[ 56022][D][Tone.cpp:31] tone_task(): Task received from queue TONE_START: _pin=25, frequency=2400 Hz, duration=0 ms
[ 56032][D][Tone.cpp:33] tone_task(): Setup LED controll on channel 0
[ 56165][D][Tone.cpp:105] noTone(): noTone was called
[ 56170][D][Tone.cpp:45] tone_task(): Task received from queue TONE_END: pin=25
[ 61246][D][BLEDevice.cpp:102] gattServerEventHandler(): gattServerEventHandler [esp_gatt_if: 4] ... ESP_GATTS_WRITE_EVT

[ 61260][D][BLEDescriptor.cpp:240] setValue(): Set the value- ----i----n- Tr ansmtissihon Meodel  ---G----A---TTS database using handle 0x2b

Negotiated MTU: 517 bytes
Protocol overhead: 7 bytes
Usable payload: 124 bytes
Samples per packet: 24
Bytes per packet: 120 bytes
Buffered data: 355 bytes
Packets required: 3
Result: FRAGMENTATION REQUIRED
[ 61283][D][BLECharacteristic.cpp:790] onNotify(): >> onNotify: default
[ 61298][D][BLECharacteristic.cpp:791] onNotify(): << onNotify
[ 61298][D][BLEDevice.cpp:102] gattServerEventHandler(): gattServerEventHandler [esp_gatt_if: 4] ... ESP_GATTS_SET_ATTR_VAL_EVT
[ 61316][D][BLECharacteristic.cpp:796] onStatus(): >> onStatus: default
[ 61318][D][BLEDevice.cpp:102] gattServerEventHandler(): gattServerEventHandler [esp_gatt_if: 4] ... ESP_GATTS_CONF_EVT
[ 61333][D][BLECharacteristic.cpp:797] onStatus(): << onStatus
[ 61347][D][BLECharacteristic.cpp:790] onNotify(): >> onNotify: default
[ 61353][D][BLECharacteristic.cpp:791] onNotify(): << onNotify
[ 61360][D][BLECharacteristic.cpp:796] onStatus(): >> onStatus: default
[ 61363][D][BLEDevice.cpp:102] gattServerEventHandler(): gattServerEventHandler [esp_gatt_if: 4] ... ESP_GATTS_CONF_EVT
[ 61377][D][BLECharacteristic.cpp:797] onStatus(): << onStatus
[ 61384][D][BLECharacteristic.cpp:790] onNotify(): >> onNotify: default
[ 61391][D][BLECharacteristic.cpp:791] onNotify(): << onNotify
[ 61398][D][BLECharacteristic.cpp:796] onStatus(): >> onStatus: default
[ 61399][D][BLEDevice.cpp:102] gattServerEventHandler(): gattServerEventHandler [esp_gatt_if: 4] ... ESP_GATTS_CONF_EVT
[ 61415][D][BLECharacteristic.cpp:797] onStatus(): << onStatus
[ 61422][D][BLECharacteristic.cpp:790] onNotify(): >> onNotify: default
[ 61429][D][BLECharacteristic.cpp:791] onNotify(): << onNotify
[ 61435][D][BLECharacteristic.cpp:796] onStatus(): >> onStatus: default
[ 61436][D][BLEDevice.cpp:102] gattServerEventHandler(): gattServerEventHandler [esp_gatt_if: 4] ... ESP_GATTS_CONF_EVT
[ 61452][D][BLECharacteristic.cpp:797] onStatus(): << onStatus
[ 61487][D][BLECharacteristic.cpp:790] onNotify(): >> onNotify: default
[ 61494][D][BLECharacteristic.cpp:791] onNotify(): << onNotify
[ 61500][D][BLECharacteristic.cpp:796] onStatus(): >> onStatus: default
[ 61501][D][BLEDevice.cpp:102] gattServerEventHandler(): gattServerEventHandler [esp_gatt_if: 4] ... ESP_GATTS_CONF_EVT
[ 61517][D][BLECharacteristic.cpp:797] onStatus(): << onStatus
Transmission complete, fragments sent: 3
Start pressed
Set 2 started, baseline=160mm, restingG=1.037
[ 66243][D][Tone.cpp:124] tone(): _pin=25, frequency=3400 Hz, duration=0 ms
[ 66251][D][Tone.cpp:31] tone_task(): Task received from queue TONE_START: _pin=25, frequency=3400 Hz, duration=0 ms
[ 66261][D][Tone.cpp:33] tone_task(): Setup LED controll on channel 0
RAW,66251,160,0,0,-2
RAW,66324,168,-4,-54,-3
[ 66393][D][Tone.cpp:105] noTone(): noTone was called
[ 66398][D][Tone.cpp:45] tone_task(): Task received from queue TONE_END: pin=25
RAW,66397,170,-6,-41,-4
RAW,66471,174,-10,-45,-3
RAW,66545,175,-13,-44,-3
RAW,66618,173,-14,-38,-2
RAW,66691,176,-14,-27,-2
RAW,66765,177,-15,-24,-1
RAW,66839,182,-18,-21,-2
RAW,66912,186,-21,-21,-2
RAW,66986,190,-26,-32,2
RAW,67060,193,-29,-40,-1
RAW,67132,194,-32,-46,2
RAW,67207,191,-32,-38,-3
RAW,67280,169,-24,-8,-2
RAW,67354,148,-9,46,-2
RAW,67427,127,12,111,-2
RAW,67501,104,33,176,-2
RAW,67574,80,56,239,-3
RAW,67978,78,72,137,3
RAW,68052,95,75,120,3
RAW,68126,117,63,72,-1
RAW,68199,140,42,12,2
RAW,68273,165,19,-52,1
RAW,68346,181,-2,-201,2
RAW,68419,195,-20,-258,-2
RAW,68494,200,-32,-258,2
RAW,68567,196,-37,-214,-2
RAW,68641,194,-36,-149,-2
RAW,68714,190,-33,-84,-2
RAW,68788,189,-31,-29,-1
RAW,68861,190,-29,8,2
RAW,68934,194,-31,16,-1
RAW,69008,195,-33,8,-1
RAW,69082,194,-34,-2,-1
RAW,69155,194,-34,-8,2
RAW,69229,189,-32,-8,2
RAW,69302,165,-22,24,2
REP,1,75,1435
[ 69304][D][BLECharacteristic.cpp:790] onNotify(): >> onNotify: default
[ 69313][D][BLECharacteristic.cpp:791] onNotify(): << onNotify
[ 69319][D][BLECharacteristic.cpp:796] onStatus(): >> onStatus: default
[ 69321][D][BLEDevice.cpp:102] gattServerEventHandler(): gattServerEventHandler [esp_gatt_if: 4] ... ESP_GATTS_CONF_EVT
[ 69337][D][BLECharacteristic.cpp:797] onStatus(): << onStatus
[ 69350][D][Tone.cpp:124] tone(): _pin=25, frequency=4000 Hz, duration=0 ms
[ 69357][D][Tone.cpp:31] tone_task(): Task received from queue TONE_START: _pin=25, frequency=4000 Hz, duration=0 ms
[ 69367][D][Tone.cpp:33] tone_task(): Setup LED controll on channel 0
RAW,69375,136,-3,81,2
RAW,69450,99,26,163,-2
[ 69498][D][Tone.cpp:105] noTone(): noTone was called
[ 69503][D][Tone.cpp:45] tone_task(): Task received from queue TONE_END: pin=25
RAW,69816,86,53,131,-2
RAW,69891,108,62,141,2
RAW,69964,130,52,111,-1
RAW,70038,152,30,49,-1
RAW,70111,179,6,-30,2
RAW,70185,193,-14,-181,0
RAW,70258,205,-32,-256,-3
RAW,70331,207,-41,-253,2
RAW,70405,205,-45,-204,2
RAW,70479,200,-44,-135,2
RAW,70552,200,-41,-73,-1
RAW,70626,199,-39,-19,2
RAW,70700,198,-39,5,1
RAW,70772,199,-38,19,-3
RAW,70847,200,-39,13,-2
RAW,70920,197,-38,8,2
RAW,70994,197,-38,2,-2
RAW,71067,196,-36,8,-1
REP,2,62,1323
[ 71070][D][BLECharacteristic.cpp:790] onNotify(): >> onNotify: default
[ 71079][D][BLECharacteristic.cpp:791] onNotify(): << onNotify
[ 71085][D][BLECharacteristic.cpp:796] onStatus(): >> onStatus: default
[ 71086][D][BLEDevice.cpp:102] gattServerEventHandler(): gattServerEventHandler [esp_gatt_if: 4] ... ESP_GATTS_CONF_EVT
[ 71102][D][BLECharacteristic.cpp:797] onStatus(): << onStatus
[ 71110][D][Tone.cpp:124] tone(): _pin=25, frequency=4000 Hz, duration=0 ms
[ 71117][D][Tone.cpp:31] tone_task(): Task received from queue TONE_START: _pin=25, frequency=4000 Hz, duration=0 ms
[ 71127][D][Tone.cpp:33] tone_task(): Setup LED controll on channel 0
RAW,71140,198,-37,2,2
RAW,71214,195,-36,8,-2
[ 71259][D][Tone.cpp:105] noTone(): noTone was called
[ 71264][D][Tone.cpp:45] tone_task(): Task received from queue TONE_END: pin=25
RAW,71287,194,-35,8,-2
RAW,71361,187,-32,16,-2
RAW,71435,165,-22,38,-1
RAW,71508,129,0,100,-2
RAW,71582,86,33,187,-2
RAW,71931,86,59,145,-2
RAW,72005,116,64,149,1
RAW,72078,147,43,101,-2
RAW,72152,175,14,21,-2
RAW,72225,198,-13,-71,-2
RAW,72298,212,-35,-256,-2
RAW,72372,222,-50,-310,-2
RAW,72446,224,-59,-277,2
RAW,72519,220,-62,-207,-2
RAW,72593,217,-60,-127,-3
RAW,72667,213,-56,-56,-2
RAW,72740,214,-54,-10,-2
RAW,72814,211,-52,19,-3
RAW,72887,212,-52,27,-1
RAW,72960,212,-51,24,-2
RAW,73035,210,-51,13,-3
RAW,73108,208,-50,10,-2
RAW,73182,208,-48,10,-1
RAW,73255,207,-47,13,-1
RAW,73329,205,-46,13,2
RAW,73403,203,-45,16,-2
REP,3,64,1305
[ 73404][D][BLECharacteristic.cpp:790] onNotify(): >> onNotify: default
[ 73413][D][BLECharacteristic.cpp:791] onNotify(): << onNotify
[ 73420][D][BLECharacteristic.cpp:796] onStatus(): >> onStatus: default
[ 73421][D][BLEDevice.cpp:102] gattServerEventHandler(): gattServerEventHandler [esp_gatt_if: 4] ... ESP_GATTS_CONF_EVT
[ 73437][D][BLECharacteristic.cpp:797] onStatus(): << onStatus
[ 73445][D][Tone.cpp:124] tone(): _pin=25, frequency=4000 Hz, duration=0 ms
[ 73451][D][Tone.cpp:31] tone_task(): Task received from queue TONE_START: _pin=25, frequency=4000 Hz, duration=0 ms
[ 73462][D][Tone.cpp:33] tone_task(): Setup LED controll on channel 0
RAW,73476,203,-43,19,-1
RAW,73549,201,-42,16,-2
[ 73593][D][Tone.cpp:105] noTone(): noTone was called
[ 73598][D][Tone.cpp:45] tone_task(): Task received from queue TONE_END: pin=25
RAW,73623,198,-40,19,-2
RAW,73696,197,-38,21,-1
RAW,73770,180,-31,38,-2
RAW,73844,141,-12,84,-2
RAW,73917,102,19,165,-2
RAW,73991,74,54,255,2
RAW,74230,84,73,207,-2
RAW,74304,108,71,191,-2
RAW,74376,133,51,118,-1
RAW,74451,157,27,14,-2
RAW,74524,175,5,-91,2
RAW,74598,193,-15,-239,-2
RAW,74671,209,-32,-280,-1
RAW,74745,218,-46,-262,-2
RAW,74819,222,-56,-225,1
RAW,74891,220,-60,-177,-2
RAW,74966,217,-59,-119,-2
RAW,75039,216,-57,-67,-2
RAW,75113,215,-56,-27,-1
RAW,75186,213,-54,5,-2
RAW,75260,214,-54,16,2
RAW,75333,211,-52,19,2
RAW,75406,214,-53,10,-3
RAW,75480,215,-53,8,-2
RAW,75554,213,-54,0,-2
RAW,75627,212,-53,2,-2
REP,4,73,1268
[ 75630][D][BLECharacteristic.cpp:790] onNotify(): >> onNotify: default
[ 75639][D][BLECharacteristic.cpp:791] onNotify(): << onNotify
[ 75645][D][BLECharacteristic.cpp:796] onStatus(): >> onStatus: default
[ 75647][D][BLEDevice.cpp:102] gattServerEventHandler(): gattServerEventHandler [esp_gatt_if: 4] ... ESP_GATTS_CONF_EVT
[ 75662][D][BLECharacteristic.cpp:797] onStatus(): << onStatus
[ 75675][D][Tone.cpp:124] tone(): _pin=25, frequency=4000 Hz, duration=0 ms
[ 75683][D][Tone.cpp:31] tone_task(): Task received from queue TONE_START: _pin=25, frequency=4000 Hz, duration=0 ms
[ 75693][D][Tone.cpp:33] tone_task(): Setup LED controll on channel 0
RAW,75697,214,-53,-2,-1
RAW,75775,209,-51,5,-2
[ 75824][D][Tone.cpp:105] noTone(): noTone was called
[ 75829][D][Tone.cpp:45] tone_task(): Task received from queue TONE_END: pin=25
RAW,75848,208,-50,8,-2
RAW,75922,205,-47,19,-3
RAW,75995,189,-40,35,1
RAW,76069,151,-21,86,-2
RAW,76142,112,9,163,-3
RAW,76216,77,46,260,-2
RAW,76455,78,71,221,-3
RAW,76529,106,73,211,-1
RAW,76602,135,53,138,-2
RAW,76676,159,26,31,-2
RAW,76749,176,3,-80,-2
RAW,76822,192,-15,-234,-2
RAW,76897,217,-35,-293,-2
RAW,76970,232,-53,-288,-1
RAW,77044,234,-67,-252,-2
RAW,77117,234,-73,-206,2
RAW,77191,233,-73,-157,-2
RAW,77264,225,-70,-95,-2
RAW,77337,214,-64,-29,-2
RAW,77411,212,-57,27,-2
RAW,77485,211,-52,57,-1
REP,5,73,1269
[ 77487][D][BLECharacteristic.cpp:790] onNotify(): >> onNotify: default
[ 77496][D][BLECharacteristic.cpp:791] onNotify(): << onNotify
[ 77502][D][BLECharacteristic.cpp:796] onStatus(): >> onStatus: default
[ 77504][D][BLEDevice.cpp:102] gattServerEventHandler(): gattServerEventHandler [esp_gatt_if: 4] ... ESP_GATTS_CONF_EVT
[ 77519][D][BLECharacteristic.cpp:797] onStatus(): << onStatus
[ 77527][D][Tone.cpp:124] tone(): _pin=25, frequency=4000 Hz, duration=0 ms
[ 77534][D][Tone.cpp:31] tone_task(): Task received from queue TONE_START: _pin=25, frequency=4000 Hz, duration=0 ms
[ 77545][D][Tone.cpp:33] tone_task(): Setup LED controll on channel 0
RAW,77559,212,-51,59,-2
RAW,77632,216,-53,46,2
[ 77676][D][Tone.cpp:105] noTone(): noTone was called
[ 77682][D][Tone.cpp:45] tone_task(): Task received from queue TONE_END: pin=25
RAW,77706,215,-54,27,-3
[ 77776][D][Tone.cpp:124] tone(): _pin=25, frequency=4000 Hz, duration=0 ms
[ 77783][D][Tone.cpp:31] tone_task(): Task received from queue TONE_START: _pin=25, frequency=4000 Hz, duration=0 ms
[ 77793][D][Tone.cpp:33] tone_task(): Setup LED controll on channel 0
RAW,77782,220,-57,0,-2
RAW,77853,245,-66,-38,-1
[ 77925][D][Tone.cpp:105] noTone(): noTone was called
[ 77930][D][Tone.cpp:45] tone_task(): Task received from queue TONE_END: pin=25
Sensor timeout, resetting rep state
RAW,78495,380,-121,-74,-3
RAW,78569,341,-162,-116,-3
RAW,78642,348,-196,-151,-2
RAW,78715,434,-214,-168,-2
RAW,78918,319,-207,-132,-3
RAW,78993,245,-172,-102,-1
RAW,79066,223,-102,120,-1
RAW,79140,211,-66,261,-3
RAW,79213,208,-54,321,-1
RAW,79286,210,-49,429,-1
RAW,79361,207,-48,336,-2
RAW,79434,205,-47,149,-4
RAW,79508,208,-46,54,-2
RAW,79581,208,-47,19,2
RAW,79655,209,-48,2,-2
RAW,79728,206,-47,2,-1
RAW,79801,207,-47,0,-2
RAW,79876,206,-46,0,-2
RAW,79949,206,-46,2,-1
RAW,80023,207,-46,5,-3
RAW,80096,205,-46,2,-2
RAW,80170,204,-45,5,-2
RAW,80243,203,-44,5,-2
RAW,80316,204,-43,8,-2
RAW,80390,207,-44,5,2
RAW,80464,205,-45,2,-2
RAW,80537,208,-46,-2,2
RAW,80611,203,-45,-2,-1
RAW,80685,194,-41,5,-3
RAW,80757,162,-26,49,2
RAW,80832,119,1,125,-1
RAW,80905,87,37,225,-2
RAW,80979,70,68,307,2
RAW,81162,78,81,255,-2
RAW,81236,101,77,215,-2
RAW,81310,127,58,119,-2
RAW,81383,156,32,-10,1
RAW,81457,184,4,-133,-2
RAW,81530,205,-21,-277,-2
RAW,81603,217,-42,-324,-2
RAW,81678,225,-55,-307,-2
RAW,81751,225,-62,-255,-2
RAW,81825,220,-63,-182,-3
RAW,81898,216,-60,-105,-1
RAW,81972,214,-56,-37,-2
RAW,82045,214,-54,2,-2
RAW,82118,211,-53,24,-3
RAW,82193,213,-52,29,-2
RAW,82266,214,-52,21,-2
RAW,82340,212,-53,8,-3
RAW,82413,209,-51,8,-3
RAW,82487,205,-48,13,-2
RAW,82560,203,-45,19,-2
RAW,82633,213,-47,13,1
Sensor timeout, resetting rep state
RAW,159896,109,-15,0,-679
RAW,159970,112,15,0,-6
RAW,160044,119,46,1,-2
RAW,160117,133,38,1,-3
RAW,160191,138,30,0,-3
RAW,160265,145,21,97,-2
RAW,160338,152,15,0,-3
RAW,160412,148,11,-95,-2
RAW,160486,145,11,-73,-23
RAW,160559,144,14,-43,39
RAW,160633,145,15,-16,5
Start pressed
Set 2 completed with 5 reps
SET,2,5,207,0

---------- Transmission Model ----------
Negotiated MTU: 517 bytes
Protocol overhead: 7 bytes
Usable payload: 124 bytes
Samples per packet: 24
Bytes per packet: 120 bytes
Buffered data: 1035 bytes
Packets required: 9
Result: FRAGMENTATION REQUIRED
[160729][D][BLECharacteristic.cpp:790] onNotify(): >> onNotify: default
[160740][D][BLECharacteristic.cpp:791] onNotify(): << onNotify
[160747][D][BLECharacteristic.cpp:796] onStatus(): >> onStatus: default
[160749][D][BLEDevice.cpp:102] gattServerEventHandler(): gattServerEventHandler [esp_gatt_if: 4] ... ESP_GATTS_CONF_EVT
[160764][D][BLECharacteristic.cpp:797] onStatus(): << onStatus
[160772][D][BLECharacteristic.cpp:790] onNotify(): >> onNotify: default
[160779][D][BLECharacteristic.cpp:791] onNotify(): << onNotify
[160786][D][BLECharacteristic.cpp:796] onStatus(): >> onStatus: default
[160787][D][BLEDevice.cpp:102] gattServerEventHandler(): gattServerEventHandler [esp_gatt_if: 4] ... ESP_GATTS_CONF_EVT
[160803][D][BLECharacteristic.cpp:797] onStatus(): << onStatus
[160814][D][Tone.cpp:124] tone(): _pin=25, frequency=3400 Hz, duration=0 ms
[160821][D][Tone.cpp:31] tone_task(): Task received from queue TONE_START: _pin=25, frequency=3400 Hz, duration=0 ms
[160828][D][BLECharacteristic.cpp:790] onNotify(): >> onNotify: default
[160838][D][BLECharacteristic.cpp:791] onNotify(): << onNotify
[160838][D][Tone.cpp:33] tone_task(): Setup LED controll on channel 0
[160851][D][BLECharacteristic.cpp:796] onStatus(): >> onStatus: default
[160852][D][BLEDevice.cpp:102] gattServerEventHandler(): gattServerEventHandler [esp_gatt_if: 4] ... ESP_GATTS_CONF_EVT
[160868][D][BLECharacteristic.cpp:797] onStatus(): << onStatus
[160876][D][BLECharacteristic.cpp:790] onNotify(): >> onNotify: default
[160882][D][BLECharacteristic.cpp:791] onNotify(): << onNotify
[160889][D][BLECharacteristic.cpp:796] onStatus(): >> onStatus: default
[160891][D][BLEDevice.cpp:102] gattServerEventHandler(): gattServerEventHandler [esp_gatt_if: 4] ... ESP_GATTS_CONF_EVT
[160906][D][BLECharacteristic.cpp:797] onStatus(): << onStatus
[160919][D][BLECharacteristic.cpp:790] onNotify(): >> onNotify: default
[160925][D][BLECharacteristic.cpp:791] onNotify(): << onNotify
[160932][D][BLECharacteristic.cpp:796] onStatus(): >> onStatus: default
[160933][D][BLEDevice.cpp:102] gattServerEventHandler(): gattServerEventHandler [esp_gatt_if: 4] ... ESP_GATTS_CONF_EVT
[160949][D][BLECharacteristic.cpp:797] onStatus(): << onStatus
[160957][D][BLECharacteristic.cpp:790] onNotify(): >> onNotify: default
[160963][D][BLECharacteristic.cpp:791] onNotify(): << onNotify
[160970][D][BLECharacteristic.cpp:796] onStatus(): >> onStatus: default
[160972][D][BLEDevice.cpp:102] gattServerEventHandler(): gattServerEventHandler [esp_gatt_if: 4] ... ESP_GATTS_CONF_EVT
[160987][D][BLECharacteristic.cpp:797] onStatus(): << onStatus
[160993][D][Tone.cpp:105] noTone(): noTone was called
[160998][D][Tone.cpp:45] tone_task(): Task received from queue TONE_END: pin=25
[161001][D][BLECharacteristic.cpp:790] onNotify(): >> onNotify: default
[161011][D][BLECharacteristic.cpp:791] onNotify(): << onNotify
[161018][D][BLECharacteristic.cpp:796] onStatus(): >> onStatus: default
[161021][D][BLEDevice.cpp:102] gattServerEventHandler(): gattServerEventHandler [esp_gatt_if: 4] ... ESP_GATTS_CONF_EVT
[161035][D][BLECharacteristic.cpp:797] onStatus(): << onStatus
[161049][D][BLECharacteristic.cpp:790] onNotify(): >> onNotify: default
[161056][D][BLECharacteristic.cpp:791] onNotify(): << onNotify
[161063][D][BLECharacteristic.cpp:796] onStatus(): >> onStatus: default
[161064][D][BLEDevice.cpp:102] gattServerEventHandler(): gattServerEventHandler [esp_gatt_if: 4] ... ESP_GATTS_CONF_EVT
[161080][D][BLECharacteristic.cpp:797] onStatus(): << onStatus
[161087][D][BLECharacteristic.cpp:790] onNotify(): >> onNotify: default
[161094][D][BLECharacteristic.cpp:791] onNotify(): << onNotify
[161101][D][BLECharacteristic.cpp:796] onStatus(): >> onStatus: default
[161102][D][BLEDevice.cpp:102] gattServerEventHandler(): gattServerEventHandler [esp_gatt_if: 4] ... ESP_GATTS_CONF_EVT
[161118][D][BLECharacteristic.cpp:797] onStatus(): << onStatus
[161123][D][Tone.cpp:124] tone(): _pin=25, frequency=3400 Hz, duration=0 ms
[161130][D][Tone.cpp:31] tone_task(): Task received from queue TONE_START: _pin=25, frequency=3400 Hz, duration=0 ms
[161133][D][BLECharacteristic.cpp:790] onNotify(): >> onNotify: default
[161147][D][BLECharacteristic.cpp:791] onNotify(): << onNotify
[161147][D][Tone.cpp:33] tone_task(): Setup LED controll on channel 0
[161160][D][BLECharacteristic.cpp:796] onStatus(): >> onStatus: default
[161161][D][BLEDevice.cpp:102] gattServerEventHandler(): gattServerEventHandler [esp_gatt_if: 4] ... ESP_GATTS_CONF_EVT
[161177][D][BLECharacteristic.cpp:797] onStatus(): << onStatus
[161212][D][BLECharacteristic.cpp:790] onNotify(): >> onNotify: default
[161219][D][BLECharacteristic.cpp:791] onNotify(): << onNotify
[161225][D][BLECharacteristic.cpp:796] onStatus(): >> onStatus: default
[161228][D][BLEDevice.cpp:102] gattServerEventHandler(): gattServerEventHandler [esp_gatt_if: 4] ... ESP_GATTS_CONF_EVT
[161242][D][BLECharacteristic.cpp:797] onStatus(): << onStatus
Transmission complete, fragments sent: 9
[161254][D][Tone.cpp:105] noTone(): noTone was called
[161259][D][Tone.cpp:45] tone_task(): Task received from queue TONE_END: pin=25
Start pressed
Set 3 started, baseline=202mm, restingG=1.036
[165786][D][Tone.cpp:124] tone(): _pin=25, frequency=3400 Hz, duration=0 ms
[165793][D][Tone.cpp:31] tone_task(): Task received from queue TONE_START: _pin=25, frequency=3400 Hz, duration=0 ms
[165803][D][Tone.cpp:33] tone_task(): Setup LED controll on channel 0
RAW,165793,197,5,0,-1
RAW,165866,196,5,0,2
[165935][D][Tone.cpp:105] noTone(): noTone was called
[165940][D][Tone.cpp:45] tone_task(): Task received from queue TONE_END: pin=25
RAW,165940,197,5,0,-1
RAW,166013,202,3,-9,-2
RAW,166087,206,0,-17,2
RAW,166159,206,-2,-19,2
RAW,166234,203,-3,-21,2
RAW,166307,203,-2,-19,-1
RAW,166381,205,-1,-10,-3
RAW,166454,208,-3,-8,2
RAW,166528,204,-3,-2,2
RAW,166601,200,-2,2,-4
RAW,166674,194,2,10,-3
RAW,166749,175,12,35,-1
RAW,166822,143,31,92,-3
RAW,166896,107,60,171,-2
RAW,166969,73,94,260,-2
RAW,167318,80,115,175,-62
RAW,167392,108,115,160,-2
RAW,167465,138,93,96,-2
RAW,167539,175,61,1,-2
RAW,167613,203,30,-99,-2
RAW,167687,227,0,-311,-2
RAW,167760,238,-20,-366,-2
RAW,167833,242,-33,-342,-2
RAW,167907,239,-37,-266,2
RAW,167980,233,-36,-179,-1
RAW,168054,230,-32,-87,2
RAW,168128,227,-28,-21,-2
RAW,168201,224,-25,21,2
RAW,168275,222,-22,40,-2
RAW,168348,220,-20,43,-2
REP,1,115,1453
[168350][D][BLECharacteristic.cpp:790] onNotify(): >> onNotify: default
[168360][D][BLECharacteristic.cpp:791] onNotify(): << onNotify
[168366][D][BLECharacteristic.cpp:796] onStatus(): >> onStatus: default
[168368][D][BLEDevice.cpp:102] gattServerEventHandler(): gattServerEventHandler [esp_gatt_if: 4] ... ESP_GATTS_CONF_EVT
[168383][D][BLECharacteristic.cpp:797] onStatus(): << onStatus
[168396][D][Tone.cpp:124] tone(): _pin=25, frequency=4000 Hz, duration=0 ms
[168404][D][Tone.cpp:31] tone_task(): Task received from queue TONE_START: _pin=25, frequency=4000 Hz, duration=0 ms
[168414][D][Tone.cpp:33] tone_task(): Setup LED controll on channel 0
RAW,168422,220,-18,38,-3
RAW,168496,217,-17,29,-2
[168545][D][Tone.cpp:105] noTone(): noTone was called
[168551][D][Tone.cpp:45] tone_task(): Task received from queue TONE_END: pin=25
RAW,168569,220,-17,21,-3
RAW,168643,219,-16,16,-1
RAW,168716,218,-17,8,-2
RAW,168790,218,-16,5,-2
RAW,168864,217,-15,5,-1
RAW,168936,221,-16,2,-1
RAW,169011,218,-16,0,-1
RAW,169084,218,-17,0,-1
RAW,169158,221,-17,-2,-1
RAW,169231,220,-17,-5,2
RAW,169305,216,-17,-2,1
RAW,169378,197,-9,19,1
RAW,169451,168,8,68,2
RAW,169525,124,39,152,-1
RAW,169599,84,76,252,2
RAW,169892,99,99,197,-2
RAW,169967,137,95,176,-2
RAW,170040,174,65,96,-3
RAW,170114,210,28,-18,1
RAW,170187,233,-3,-134,-2
RAW,170261,249,-28,-344,-2
RAW,170335,255,-43,-375,-2
RAW,170408,252,-50,-312,2
RAW,170482,248,-49,-209,-2
RAW,170555,241,-45,-114,1
RAW,170628,239,-40,-32,2
RAW,170702,237,-37,16,-2
RAW,170776,236,-35,40,2
RAW,170849,237,-34,40,2
RAW,170923,237,-34,29,1
RAW,170997,235,-34,16,2
RAW,171070,234,-33,10,-2
RAW,171144,232,-31,10,-2
RAW,171217,231,-30,10,-2
RAW,171291,231,-29,13,1
RAW,171364,233,-29,13,2
RAW,171438,229,-29,10,-2
REP,2,136,2501
[171440][D][BLECharacteristic.cpp:790] onNotify(): >> onNotify: default
[171449][D][BLECharacteristic.cpp:791] onNotify(): << onNotify
[171455][D][BLECharacteristic.cpp:796] onStatus(): >> onStatus: default
[171457][D][BLEDevice.cpp:102] gattServerEventHandler(): gattServerEventHandler [esp_gatt_if: 4] ... ESP_GATTS_CONF_EVT
[171472][D][BLECharacteristic.cpp:797] onStatus(): << onStatus
[171480][D][Tone.cpp:124] tone(): _pin=25, frequency=4000 Hz, duration=0 ms
[171487][D][Tone.cpp:31] tone_task(): Task received from queue TONE_START: _pin=25, frequency=4000 Hz, duration=0 ms
[171498][D][Tone.cpp:33] tone_task(): Setup LED controll on channel 0
RAW,171512,227,-27,10,-1
RAW,171585,229,-26,10,-1
[171628][D][Tone.cpp:105] noTone(): noTone was called
[171633][D][Tone.cpp:45] tone_task(): Task received from queue TONE_END: pin=25
RAW,171659,228,-26,8,-2
RAW,171732,226,-25,10,-2
RAW,171806,225,-24,13,-2
RAW,171880,226,-23,10,-2
RAW,171953,225,-23,8,-2
RAW,172026,225,-23,8,-2
RAW,172100,227,-23,5,-2
RAW,172174,224,-23,2,-2
RAW,172247,218,-21,5,-2
RAW,172321,201,-12,29,-2
RAW,172394,168,6,78,-2
RAW,172468,129,36,160,-2
RAW,172541,95,71,256,2
RAW,172615,78,101,331,-2
RAW,172689,69,121,361,-2
RAW,172761,74,128,332,-1
RAW,172836,91,124,239,-2
RAW,172909,116,108,100,-2
RAW,172983,144,85,-43,2
RAW,173056,171,58,-171,-2
RAW,173130,196,31,-262,2
RAW,173204,216,7,-317,-1
RAW,173276,230,-12,-326,-1
RAW,173351,236,-25,-298,-2
RAW,173424,237,-32,-244,-2
RAW,173498,233,-33,-173,2
RAW,173571,231,-31,-103,-2
RAW,173645,227,-28,-43,2
RAW,173718,226,-26,-2,-2
RAW,173791,227,-24,21,3
RAW,173866,224,-23,27,1
RAW,173939,226,-23,21,-2
RAW,174013,226,-23,13,2
RAW,174086,226,-24,5,-1
RAW,174160,225,-23,2,-2
RAW,174233,223,-22,2,2
RAW,174306,224,-22,2,-2
RAW,174380,226,-22,2,-2
REP,3,128,1398
[174382][D][BLECharacteristic.cpp:790] onNotify(): >> onNotify: default
[174391][D][BLECharacteristic.cpp:791] onNotify(): << onNotify
[174398][D][BLECharacteristic.cpp:796] onStatus(): >> onStatus: default
[174400][D][BLEDevice.cpp:102] gattServerEventHandler(): gattServerEventHandler [esp_gatt_if: 4] ... ESP_GATTS_CONF_EVT
[174415][D][BLECharacteristic.cpp:797] onStatus(): << onStatus
[174428][D][Tone.cpp:124] tone(): _pin=25, frequency=4000 Hz, duration=0 ms
[174435][D][Tone.cpp:31] tone_task(): Task received from queue TONE_START: _pin=25, frequency=4000 Hz, duration=0 ms
[174446][D][Tone.cpp:33] tone_task(): Setup LED controll on channel 0
RAW,174453,226,-23,2,-1
RAW,174528,224,-23,0,-4
[174576][D][Tone.cpp:105] noTone(): noTone was called
[174581][D][Tone.cpp:45] tone_task(): Task received from queue TONE_END: pin=25
RAW,174601,224,-22,0,-2
RAW,174674,225,-22,0,2
RAW,174748,225,-22,0,-1
RAW,174822,227,-23,0,-2
RAW,174895,225,-23,0,-2
RAW,174969,223,-23,-2,-1
RAW,175043,224,-22,0,1
RAW,175115,223,-21,2,1
RAW,175190,222,-21,5,-1
RAW,175263,213,-17,16,1
RAW,175337,190,-6,46,2
RAW,175410,161,14,98,-2
RAW,175484,127,42,170,2
RAW,175557,99,73,256,2
RAW,175630,80,100,318,1
RAW,175704,70,119,340,2
RAW,175778,70,128,309,-3
RAW,175851,78,129,237,2
RAW,175925,96,120,127,-2
RAW,175999,125,102,5,2
RAW,176072,156,76,-116,-3
RAW,176146,189,45,-225,-1
RAW,176220,211,16,-306,-1
RAW,176292,230,-8,-348,-2
RAW,176367,235,-23,-339,1
RAW,176440,239,-32,-293,-1
RAW,176514,234,-34,-214,-2
RAW,176587,229,-32,-130,-2
RAW,176661,224,-27,-51,-1
RAW,176734,223,-23,0,-2
RAW,176807,220,-20,32,-1
RAW,176881,217,-18,43,2
REP,4,129,1399
[176883][D][BLECharacteristic.cpp:790] onNotify(): >> onNotify: default
[176892][D][BLECharacteristic.cpp:791] onNotify(): << onNotify
[176899][D][BLECharacteristic.cpp:796] onStatus(): >> onStatus: default
[176900][D][BLEDevice.cpp:102] gattServerEventHandler(): gattServerEventHandler [esp_gatt_if: 4] ... ESP_GATTS_CONF_EVT
[176916][D][BLECharacteristic.cpp:797] onStatus(): << onStatus
[176929][D][Tone.cpp:124] tone(): _pin=25, frequency=4000 Hz, duration=0 ms
[176936][D][Tone.cpp:31] tone_task(): Task received from queue TONE_START: _pin=25, frequency=4000 Hz, duration=0 ms
[176946][D][Tone.cpp:33] tone_task(): Setup LED controll on channel 0
RAW,176955,221,-17,40,0
RAW,177029,218,-16,29,2
[177071][D][Tone.cpp:105] noTone(): noTone was called
[177076][D][Tone.cpp:45] tone_task(): Task received from queue TONE_END: pin=25
RAW,177102,218,-17,16,1
RAW,177176,216,-15,13,-2
RAW,177249,214,-14,10,2
RAW,177323,216,-13,10,-1
RAW,177396,214,-12,10,1
RAW,177469,210,-11,16,1
RAW,177544,210,-9,16,-1
RAW,177617,211,-8,16,1
RAW,177691,209,-8,13,2
RAW,177764,205,-6,16,1
RAW,177838,199,-2,24,1
RAW,177911,190,4,35,-2
RAW,177984,177,13,57,-3
RAW,178058,151,29,100,1
RAW,178132,115,54,163,-1
RAW,178205,79,87,242,1
RAW,178500,84,109,178,1
RAW,178573,110,111,166,1
RAW,178647,138,91,105,-2
RAW,178720,168,63,15,-2
RAW,178794,193,35,-88,1
RAW,178868,208,12,-263,3
RAW,178940,220,-5,-316,-2
RAW,179015,227,-16,-290,-2
RAW,179088,230,-23,-233,1
RAW,179162,227,-26,-165,-2
RAW,179235,225,-25,-100,2
RAW,179309,225,-23,-48,2
RAW,179382,222,-22,-16,2
RAW,179455,221,-20,8,1
RAW,179530,223,-20,16,2
RAW,179603,221,-19,16,1
RAW,179677,223,-20,8,2
RAW,179750,219,-19,8,-1
RAW,179824,222,-19,2,2
REP,5,145,2648
[179826][D][BLECharacteristic.cpp:790] onNotify(): >> onNotify: default
[179835][D][BLECharacteristic.cpp:791] onNotify(): << onNotify
[179841][D][BLECharacteristic.cpp:796] onStatus(): >> onStatus: default
[179843][D][BLEDevice.cpp:102] gattServerEventHandler(): gattServerEventHandler [esp_gatt_if: 4] ... ESP_GATTS_CONF_EVT
[179858][D][BLECharacteristic.cpp:797] onStatus(): << onStatus
[179872][D][Tone.cpp:124] tone(): _pin=25, frequency=4000 Hz, duration=0 ms
[179879][D][Tone.cpp:31] tone_task(): Task received from queue TONE_START: _pin=25, frequency=4000 Hz, duration=0 ms
[179889][D][Tone.cpp:33] tone_task(): Setup LED controll on channel 0
RAW,179898,223,-19,2,-2
RAW,179971,220,-19,0,2
[180020][D][Tone.cpp:105] noTone(): noTone was called
[180025][D][Tone.cpp:45] tone_task(): Task received from queue TONE_END: pin=25
RAW,180045,218,-18,5,-1
RAW,180118,219,-17,5,-3
[180121][D][Tone.cpp:124] tone(): _pin=25, frequency=4000 Hz, duration=0 ms
[180129][D][Tone.cpp:31] tone_task(): Task received from queue TONE_START: _pin=25, frequency=4000 Hz, duration=0 ms
[180140][D][Tone.cpp:33] tone_task(): Setup LED controll on channel 0
RAW,180192,217,-16,8,-2
RAW,180265,214,-14,13,-1
[180271][D][Tone.cpp:105] noTone(): noTone was called
[180276][D][Tone.cpp:45] tone_task(): Task received from queue TONE_END: pin=25
RAW,180339,211,-12,19,2
RAW,180412,207,-8,27,1
RAW,180486,211,-7,27,1
RAW,180560,209,-7,24,1
RAW,180633,209,-7,19,1
RAW,180706,207,-6,16,3
RAW,180780,210,-6,5,-2
RAW,180854,206,-5,5,1
RAW,180927,210,-6,2,-2
RAW,181001,212,-7,0,-3
RAW,181075,216,-10,-10,-1
RAW,181147,215,-12,-16,-1
RAW,181222,216,-13,-21,-2
RAW,181295,207,-10,-10,1
RAW,181369,205,-7,0,3
RAW,181442,211,-5,13,-2
RAW,181516,215,-8,10,2
RAW,181589,212,-10,8,16
RAW,181662,211,-10,0,-13
RAW,181737,211,-9,-5,27
RAW,181810,210,-8,-8,-17
RAW,181884,214,-9,-2,2
RAW,181957,216,-11,-2,-2
Start pressed
Set 3 completed with 5 reps
SET,3,5,211,0

---------- Transmission Model ----------
Negotiated MTU: 517 bytes
Protocol overhead: 7 bytes
Usable payload: 124 bytes
Samples per packet: 24
Bytes per packet: 120 bytes
Buffered data: 1055 bytes
Packets required: 9
Result: FRAGMENTATION REQUIRED
[182004][D][BLECharacteristic.cpp:790] onNotify(): >> onNotify: default
[182015][D][BLECharacteristic.cpp:791] onNotify(): << onNotify
[182022][D][BLECharacteristic.cpp:796] onStatus(): >> onStatus: default
[182024][D][BLEDevice.cpp:102] gattServerEventHandler(): gattServerEventHandler [esp_gatt_if: 4] ... ESP_GATTS_CONF_EVT
[182039][D][BLECharacteristic.cpp:797] onStatus(): << onStatus
[182045][D][Tone.cpp:124] tone(): _pin=25, frequency=3400 Hz, duration=0 ms
[182052][D][Tone.cpp:31] tone_task(): Task received from queue TONE_START: _pin=25, frequency=3400 Hz, duration=0 ms
[182059][D][BLECharacteristic.cpp:790] onNotify(): >> onNotify: default
[182068][D][BLECharacteristic.cpp:791] onNotify(): << onNotify
[182068][D][Tone.cpp:33] tone_task(): Setup LED controll on channel 0
[182082][D][BLECharacteristic.cpp:796] onStatus(): >> onStatus: default
[182084][D][BLEDevice.cpp:102] gattServerEventHandler(): gattServerEventHandler [esp_gatt_if: 4] ... ESP_GATTS_CONF_EVT
[182099][D][BLECharacteristic.cpp:797] onStatus(): << onStatus
[182113][D][BLECharacteristic.cpp:790] onNotify(): >> onNotify: default
[182120][D][BLECharacteristic.cpp:791] onNotify(): << onNotify
[182127][D][BLECharacteristic.cpp:796] onStatus(): >> onStatus: default
[182128][D][BLEDevice.cpp:102] gattServerEventHandler(): gattServerEventHandler [esp_gatt_if: 4] ... ESP_GATTS_CONF_EVT
[182144][D][BLECharacteristic.cpp:797] onStatus(): << onStatus
[182150][D][BLECharacteristic.cpp:790] onNotify(): >> onNotify: default
[182157][D][BLECharacteristic.cpp:791] onNotify(): << onNotify
[182164][D][BLECharacteristic.cpp:796] onStatus(): >> onStatus: default
[182167][D][BLEDevice.cpp:102] gattServerEventHandler(): gattServerEventHandler [esp_gatt_if: 4] ... ESP_GATTS_CONF_EVT
[182181][D][BLECharacteristic.cpp:797] onStatus(): << onStatus
[182187][D][Tone.cpp:105] noTone(): noTone was called
[182192][D][Tone.cpp:45] tone_task(): Task received from queue TONE_END: pin=25
[182193][D][BLECharacteristic.cpp:790] onNotify(): >> onNotify: default
[182205][D][BLECharacteristic.cpp:791] onNotify(): << onNotify
[182212][D][BLECharacteristic.cpp:796] onStatus(): >> onStatus: default
[182214][D][BLEDevice.cpp:102] gattServerEventHandler(): gattServerEventHandler [esp_gatt_if: 4] ... ESP_GATTS_CONF_EVT
[182229][D][BLECharacteristic.cpp:797] onStatus(): << onStatus
[182242][D][BLECharacteristic.cpp:790] onNotify(): >> onNotify: default
[182248][D][BLECharacteristic.cpp:791] onNotify(): << onNotify
[182256][D][BLECharacteristic.cpp:796] onStatus(): >> onStatus: default
[182258][D][BLEDevice.cpp:102] gattServerEventHandler(): gattServerEventHandler [esp_gatt_if: 4] ... ESP_GATTS_CONF_EVT
[182273][D][BLECharacteristic.cpp:797] onStatus(): << onStatus
[182280][D][BLECharacteristic.cpp:790] onNotify(): >> onNotify: default
[182287][D][BLECharacteristic.cpp:791] onNotify(): << onNotify
[182294][D][BLECharacteristic.cpp:796] onStatus(): >> onStatus: default
[182295][D][BLEDevice.cpp:102] gattServerEventHandler(): gattServerEventHandler [esp_gatt_if: 4] ... ESP_GATTS_CONF_EVT
[182311][D][BLECharacteristic.cpp:797] onStatus(): << onStatus
[182316][D][Tone.cpp:124] tone(): _pin=25, frequency=3400 Hz, duration=0 ms
[182324][D][Tone.cpp:31] tone_task(): Task received from queue TONE_START: _pin=25, frequency=3400 Hz, duration=0 ms
[182330][D][BLECharacteristic.cpp:790] onNotify(): >> onNotify: default
[182340][D][BLECharacteristic.cpp:791] onNotify(): << onNotify
[182340][D][Tone.cpp:33] tone_task(): Setup LED controll on channel 0
[182353][D][BLECharacteristic.cpp:796] onStatus(): >> onStatus: default
[182355][D][BLEDevice.cpp:102] gattServerEventHandler(): gattServerEventHandler [esp_gatt_if: 4] ... ESP_GATTS_CONF_EVT
[182370][D][BLECharacteristic.cpp:797] onStatus(): << onStatus
[182384][D][BLECharacteristic.cpp:790] onNotify(): >> onNotify: default
[182391][D][BLECharacteristic.cpp:791] onNotify(): << onNotify
[182398][D][BLECharacteristic.cpp:796] onStatus(): >> onStatus: default
[182399][D][BLEDevice.cpp:102] gattServerEventHandler(): gattServerEventHandler [esp_gatt_if: 4] ... ESP_GATTS_CONF_EVT
[182415][D][BLECharacteristic.cpp:797] onStatus(): << onStatus
[182421][D][BLECharacteristic.cpp:790] onNotify(): >> onNotify: default
[182428][D][BLECharacteristic.cpp:791] onNotify(): << onNotify
[182434][D][BLECharacteristic.cpp:796] onStatus(): >> onStatus: default
[182437][D][BLEDevice.cpp:102] gattServerEventHandler(): gattServerEventHandler [esp_gatt_if: 4] ... ESP_GATTS_CONF_EVT
[182451][D][BLECharacteristic.cpp:797] onStatus(): << onStatus
[182487][D][BLECharacteristic.cpp:790] onNotify(): >> onNotify: default
[182494][D][BLECharacteristic.cpp:791] onNotify(): << onNotify
[182500][D][BLECharacteristic.cpp:796] onStatus(): >> onStatus: default
[182501][D][BLEDevice.cpp:102] gattServerEventHandler(): gattServerEventHandler [esp_gatt_if: 4] ... ESP_GATTS_CONF_EVT
[182517][D][BLECharacteristic.cpp:797] onStatus(): << onStatus
Transmission complete, fragments sent: 9
[182529][D][Tone.cpp:105] noTone(): noTone was called
[182534][D][Tone.cpp:45] tone_task(): Task received from queue TONE_END: pin=25
