[     7][D][esp32-hal-cpu.c:244] setCpuFrequencyMhz(): PLL: 480 / 2 = 240 Mhz, APB: 80000000 Hz
Starting StackSense
Sample size: 5
[   722][I][esp32-hal-i2c.c:75] i2cInit(): Initialising I2C Master: sda=21 scl=22 freq=100000
[  1456][D][BLEDevice.cpp:102] gattServerEventHandler(): gattServerEventHandler [esp_gatt_if: 4] ... ESP_GATTS_REG_EVT
[  1470][D][BLEDevice.cpp:102] gattServerEventHandler(): gattServerEventHandler [esp_gatt_if: 4] ... ESP_GATTS_CREATE_EVT
[  1482][D][BLEService.cpp:225] addCharacteristic(): Adding characteristic: uuid=beb5483e-36e1-4688-b7f5-ea07361b26a8 to service: UUID: 4fafc201-1fb5-459e-8fcc-c5c9c331914b, handle: 0x0028
[  1500][D][BLECharacteristic.cpp:90] executeCreate(): Registering characteristic (esp_ble_gatts_add_char): uuid: beb5483e-36e1-4688-b7f5-ea07361b26a8, service: UUID: 4fafc201-1fb5-459e-8fcc-c5c9c331914b, handle: 0x0028
[  1520][D][BLEDevice.cpp:102] gattServerEventHandler(): gattServerEventHandler [esp_gatt_if: 4] ... ESP_GATTS_ADD_CHAR_EVT
[  1532][D][BLEDevice.cpp:102] gattServerEventHandler(): gattServerEventHandler [esp_gatt_if: 4] ... ESP_GATTS_ADD_CHAR_DESCR_EVT
[  1544][D][BLEDevice.cpp:102] gattServerEventHandler(): gattServerEventHandler [esp_gatt_if: 4] ... ESP_GATTS_START_EVT
[  1555][I][BLEDevice.cpp:577] getAdvertising(): create advertising
[  1561][D][BLEDevice.cpp:579] getAdvertising(): get advertising
[  1567][D][BLEDevice.cpp:579] getAdvertising(): get advertising
[  1573][D][BLEAdvertising.cpp:199] start(): - advertising service: 4fafc201-1fb5-459e-8fcc-c5c9c331914b
Free heap: 112192 bytes
[  1589][D][BLEDevice.cpp:579] getAdvertising(): get advertising
[  1602][D][BLEAdvertising.cpp:506] handleGAPEvent(): handleGAPEvent [event no: 0]
[  1610][D][BLEDevice.cpp:579] getAdvertising(): get advertising
[  1616][D][BLEAdvertising.cpp:506] handleGAPEvent(): handleGAPEvent [event no: 1]
[  1624][D][BLEDevice.cpp:579] getAdvertising(): get advertising
[  1630][D][BLEAdvertising.cpp:506] handleGAPEvent(): handleGAPEvent [event no: 6]
[ 90104][D][BLEDevice.cpp:102] gattServerEventHandler(): gattServerEventHandler [esp_gatt_if: 4] ... ESP_GATTS_CONNECT_EVT
[ 90115][D][BLEServer.cpp:366] onConnect(): BLEServerCallbacks
[ 90121][D][BLEServer.cpp:367] onConnect(): BLEServerCallbacks
[ 90128][D][BLEServer.cpp:368] onConnect(): BLEServerCallbacks
[ 90223][D][BLEDevice.cpp:102] gattServerEventHandler(): gattServerEventHandler [esp_gatt_if: 4] ... ESP_GATTS_MTU_EVT
[ 90235][D][BLEServer.cpp:385] onMtuChanged(): BLEServerCallbacks
[ 90241][D][BLEServer.cpp:386] onMtuChanged(): BLEServerCallbacks
[ 90248][D][BLEServer.cpp:387] onMtuChanged(): BLEServerCallbacks
[ 93821][D][BLEDevice.cpp:102] gattServerEventHandler(): gattServerEventHandler [esp_gatt_if: 4] ... ESP_GATTS_WRITE_EVT
[ 93835][D][BLEDescriptor.cpp:240] setValue(): Set the value in the GATTS database using handle 0x2b
[ 93845][D][BLEDevice.cpp:102] gattServerEventHandler(): gattServerEventHandler [esp_gatt_if: 4] ... ESP_GATTS_SET_ATTR_VAL_EVT
Start pressed
Set 1 started, baseline=181mm, restingG=1.037
RAW,113771,171,10,0,0
[114675][D][Tone.cpp:124] tone(): _pin=25, frequency=3400 Hz, duration=0 ms
[114682][D][Tone.cpp:31] tone_task(): Task received from queue TONE_START: _pin=25, frequency=3400 Hz, duration=0 ms
RAW,114682,173,9,-1,1
[114695][D][Tone.cpp:33] tone_task(): Setup LED controll on channel 0
E (114697) ledc: ledc_get_duty(745): LEDC is not initialized
RAW,114701,172,9,-1,3
RAW,114720,172,8,-2,6
RAW,114738,172,9,-1,6
RAW,114756,174,8,-2,-2
RAW,114775,173,8,-10,-14
RAW,114793,173,7,-21,-9
RAW,114811,170,9,10,-3
[114823][D][Tone.cpp:105] noTone(): noTone was called
[114828][D][Tone.cpp:45] tone_task(): Task received from queue TONE_END: pin=25
RAW,114828,170,10,11,3
RAW,114848,171,10,21,-2
RAW,114867,172,10,21,2
RAW,114885,174,8,10,0
RAW,114904,174,7,-21,-3
RAW,114922,173,7,-31,3
RAW,114940,174,7,-32,2
RAW,114959,174,7,-32,1
RAW,114977,175,6,-21,4
RAW,114996,176,6,-10,2
RAW,115014,175,5,-21,3
RAW,115032,179,4,-32,3
RAW,115051,178,3,-43,3
RAW,115069,178,2,-43,2
RAW,115087,178,3,-32,3
RAW,115106,179,2,-32,2
RAW,115124,178,2,-21,-3
RAW,115142,179,2,-10,2
RAW,115161,177,3,10,-2
RAW,115180,182,1,-21,-3
RAW,115198,177,2,0,0
RAW,115216,180,1,-10,-3
RAW,115235,181,1,-10,-2
RAW,115253,180,0,-32,1
RAW,115272,182,0,-10,-1
RAW,115290,176,1,-10,0
RAW,115308,179,2,10,2
RAW,115327,182,2,10,1
RAW,115345,179,1,10,4
RAW,115363,179,1,10,3
RAW,115382,177,2,10,4
RAW,115401,182,1,-10,3
RAW,115418,179,1,-10,3
RAW,115437,180,0,-10,2
RAW,115456,181,1,0,6
RAW,115474,177,1,-10,-2
RAW,115492,180,1,0,-2
RAW,115511,175,3,21,-1
RAW,115529,177,3,32,-3
RAW,115548,173,6,54,-4
RAW,115566,172,7,65,-4
RAW,115584,170,9,86,1
RAW,115603,170,10,76,-2
RAW,115621,167,12,97,2
RAW,115639,164,14,87,3
RAW,115658,159,17,108,2
RAW,115676,155,21,130,2
RAW,115694,149,26,175,1
RAW,115713,144,31,206,2
RAW,115732,139,37,247,3
RAW,115750,133,42,271,3
RAW,115768,126,48,293,1
RAW,115787,120,54,301,3
RAW,115805,114,61,326,2
RAW,115824,105,68,336,1
RAW,115842,101,74,347,2
RAW,115860,97,80,347,2
RAW,115879,94,83,315,2
RAW,115897,85,89,304,2
RAW,115915,82,94,285,1
RAW,115934,76,100,282,0
RAW,115953,74,103,247,2
RAW,115970,68,108,274,-1
RAW,115989,63,112,250,-1
RAW,116008,60,117,247,3
RAW,116025,56,121,230,1
RAW,116044,51,125,241,0
RAW,116063,43,131,247,5
RAW,116081,40,136,260,2
RAW,116100,37,141,260,1
RAW,116118,37,143,236,2
RAW,116136,35,144,206,-2
RAW,116155,36,145,152,0
RAW,116173,39,144,86,1
RAW,116191,41,142,10,-1
RAW,116210,48,138,-54,2
RAW,116228,52,134,-108,2
RAW,116246,56,129,-175,1
RAW,116265,63,124,-217,2
RAW,116284,73,117,-268,3
RAW,116301,78,109,-318,0
RAW,116320,86,102,-347,2
RAW,116339,91,96,-354,1
RAW,116357,100,88,-391,-2
RAW,116376,113,79,-413,4
RAW,116394,116,71,-408,3
RAW,116412,121,64,-413,2
RAW,116431,130,58,-413,2
RAW,116449,135,52,-391,2
RAW,116467,145,44,-384,3
RAW,116486,154,36,-380,2
RAW,116504,158,28,-391,3
RAW,116522,165,22,-395,3
RAW,116541,167,17,-380,4
RAW,116560,169,14,-322,4
RAW,116577,171,12,-263,2
RAW,116596,177,8,-217,1
RAW,116615,181,4,-193,-1
RAW,116633,181,1,-173,2
RAW,116651,180,0,-153,2
RAW,116670,183,0,-129,1
RAW,116688,184,-1,-97,3
RAW,116707,188,-4,-86,3
RAW,116725,182,-3,-43,2
RAW,116743,187,-4,-43,2
RAW,116762,186,-4,-43,3
RAW,116780,185,-5,-43,3
RAW,116798,183,-3,10,1
RAW,116817,184,-3,0,3
RAW,116835,182,-2,21,1
RAW,116853,184,-2,21,2
RAW,116872,183,-2,32,2
RAW,116891,178,0,32,2
RAW,116909,184,0,32,4
RAW,116928,181,0,21,2
RAW,116946,180,0,21,2
RAW,116964,181,0,21,2
RAW,116983,178,1,10,2
RAW,117001,181,1,10,-1
RAW,117019,179,1,10,2
RAW,117038,179,1,10,3
RAW,117056,179,2,21,0
RAW,117074,178,2,10,2
RAW,117093,181,1,0,-1
RAW,117112,178,2,10,-1
RAW,117129,181,1,0,3
RAW,117148,181,1,-10,1
RAW,117167,179,0,-21,3
RAW,117185,178,1,0,2
RAW,117204,175,3,10,1
RAW,117222,179,3,21,-1
RAW,117240,177,4,32,3
RAW,117259,177,3,32,3
RAW,117277,176,4,32,1
RAW,117295,174,5,21,2
RAW,117314,173,6,32,2
RAW,117332,175,7,32,1
RAW,117350,176,6,32,4
RAW,117369,176,5,10,2
RAW,117388,176,5,0,1
RAW,117406,174,5,-10,3
RAW,117424,173,6,-10,2
RAW,117443,176,6,0,2
RAW,117461,175,6,10,2
RAW,117480,169,7,21,-3
RAW,117498,176,7,21,2
RAW,117516,171,9,32,2
RAW,117535,172,8,21,1
RAW,117553,173,9,32,1
RAW,117571,170,9,21,3
RAW,117590,170,10,32,-1
RAW,117608,174,9,0,1
RAW,117626,169,10,21,1
RAW,117645,168,10,10,2
RAW,117664,167,13,43,2
REP,1,145,1196
[117665][D][BLECharacteristic.cpp:790] onNotify(): >> onNotify: default
[117674][D][BLECharacteristic.cpp:791] onNotify(): << onNotify
[117681][D][BLECharacteristic.cpp:796] onStatus(): >> onStatus: default
[117682][D][BLEDevice.cpp:102] gattServerEventHandler(): gattServerEventHandler [esp_gatt_if: 4] ... ESP_GATTS_CONF_EVT
[117698][D][BLECharacteristic.cpp:797] onStatus(): << onStatus
RAW,117709,159,16,50,1
[117713][D][Tone.cpp:124] tone(): _pin=25, frequency=4000 Hz, duration=0 ms
[117721][D][Tone.cpp:31] tone_task(): Task received from queue TONE_START: _pin=25, frequency=4000 Hz, duration=0 ms
[117732][D][Tone.cpp:33] tone_task(): Setup LED controll on channel 0
RAW,117721,159,19,88,0
RAW,117736,156,23,118,0
RAW,117756,153,25,135,3
RAW,117773,151,27,128,1
RAW,117792,145,31,180,1
RAW,117811,142,35,177,-3
RAW,117829,137,39,172,2
RAW,117848,134,43,195,-1
[117860][D][Tone.cpp:105] noTone(): noTone was called
[117866][D][Tone.cpp:45] tone_task(): Task received from queue TONE_END: pin=25
RAW,117865,129,47,217,-3
RAW,117884,121,53,239,1
RAW,117903,121,57,239,1
RAW,117921,116,61,239,1
RAW,117939,111,65,241,3
RAW,117958,106,70,247,2
RAW,117976,107,73,217,2
RAW,117994,100,76,208,3
RAW,118013,97,79,195,3
RAW,118032,93,84,204,1
RAW,118049,91,87,186,4
RAW,118068,83,92,206,-1
RAW,118087,80,96,215,1
RAW,118105,79,100,228,0
RAW,118124,72,104,217,2
RAW,118142,68,108,225,-1
RAW,118160,63,113,228,2
RAW,118179,60,117,228,0
RAW,118197,55,121,228,-3
RAW,118215,47,127,252,2
RAW,118234,46,131,250,-4
RAW,118252,46,134,228,4
RAW,118270,44,135,197,2
RAW,118289,44,136,163,2
RAW,118308,43,137,107,3
RAW,118326,42,138,76,4
RAW,118344,45,137,32,-1
RAW,118363,48,136,10,1
RAW,118381,49,133,-32,1
RAW,118400,55,130,-76,1
RAW,118418,57,127,-119,2
RAW,118436,62,123,-152,3
RAW,118455,67,119,-184,-1
RAW,118473,78,112,-228,1
RAW,118491,82,105,-274,2
RAW,118510,92,97,-326,-2
RAW,118528,96,91,-347,3
RAW,118546,102,84,-384,1
RAW,118565,110,78,-369,-1
RAW,118584,117,71,-365,2
RAW,118602,122,64,-358,2
RAW,118621,128,58,-354,1
RAW,118639,134,53,-333,3
RAW,118657,137,48,-326,1
RAW,118676,140,44,-293,0
RAW,118694,148,39,-271,8
RAW,118712,153,34,-263,-7
RAW,118731,154,29,-260,-3
RAW,118750,161,25,-247,2
RAW,118767,162,22,-241,2
RAW,118786,165,18,-228,-1
RAW,118805,169,15,-204,2
RAW,118822,171,12,-186,1
RAW,118841,177,8,-186,1
RAW,118860,177,6,-172,1
RAW,118878,179,3,-163,0
RAW,118897,178,3,-130,-1
RAW,118915,178,2,-107,1
RAW,118933,180,2,-65,-2
RAW,118952,184,0,-65,-2
RAW,118970,182,-1,-43,2
RAW,118988,184,-2,-54,-1
RAW,119007,184,-2,-43,0
RAW,119026,185,-3,-53,1
RAW,119043,184,-3,-32,0
RAW,119062,180,-2,-10,0
RAW,119081,181,0,21,0
RAW,119099,180,0,21,0
RAW,119118,184,0,32,-1
RAW,119136,181,0,32,1
RAW,119154,181,-1,10,-1
RAW,119173,180,0,0,2
RAW,119191,177,1,10,2
RAW,119209,183,1,10,-1
RAW,119228,178,1,10,1
RAW,119246,180,0,10,2
RAW,119264,177,2,21,3
RAW,119283,179,2,10,0
RAW,119302,181,2,10,2
RAW,119320,178,1,0,-1
RAW,119338,179,1,10,2
RAW,119357,181,1,-10,3
RAW,119375,183,0,-21,-1
RAW,119394,178,0,-21,2
RAW,119412,182,0,-10,-1
RAW,119430,180,1,0,-3
RAW,119449,179,0,-10,-2
RAW,119467,179,1,10,2
RAW,119485,180,1,10,-1
RAW,119504,182,0,0,2
RAW,119522,179,0,-10,-1
RAW,119540,178,1,10,-2
RAW,119559,178,2,10,0
REP,2,143,2246
[119561][D][BLECharacteristic.cpp:790] onNotify(): >> onNotify: default
[119570][D][BLECharacteristic.cpp:791] onNotify(): << onNotify
[119576][D][BLECharacteristic.cpp:796] onStatus(): >> onStatus: default
[119578][D][BLEDevice.cpp:102] gattServerEventHandler(): gattServerEventHandler [esp_gatt_if: 4] ... ESP_GATTS_CONF_EVT
[119593][D][BLECharacteristic.cpp:797] onStatus(): << onStatus
RAW,119599,183,1,0,1
[119602][D][Tone.cpp:124] tone(): _pin=25, frequency=4000 Hz, duration=0 ms
[119611][D][Tone.cpp:31] tone_task(): Task received from queue TONE_START: _pin=25, frequency=4000 Hz, duration=0 ms
[119621][D][Tone.cpp:33] tone_task(): Setup LED controll on channel 0
RAW,119611,178,1,9,4
RAW,119632,179,1,9,0
RAW,119651,179,2,9,1
RAW,119670,178,2,0,2
RAW,119688,174,4,33,1
RAW,119707,171,6,52,-2
RAW,119725,174,8,75,2
RAW,119743,176,7,54,-1
[119750][D][Tone.cpp:105] noTone(): noTone was called
[119755][D][Tone.cpp:45] tone_task(): Task received from queue TONE_END: pin=25
RAW,119754,172,7,59,-1
RAW,119780,175,6,21,-2
RAW,119799,170,8,21,-1
RAW,119817,172,8,0,-2
RAW,119835,173,9,21,0
RAW,119854,171,9,20,-2
RAW,119872,174,8,21,2
RAW,119891,174,8,0,3
RAW,119909,175,6,-21,2
RAW,119927,173,7,-21,2
RAW,119946,171,8,-10,1
RAW,119964,172,9,10,1
RAW,119983,170,10,21,3
RAW,120001,172,9,32,3
RAW,120019,166,11,43,1
RAW,120038,165,13,54,2
RAW,120056,164,16,76,2
RAW,120074,166,16,65,-2
RAW,120093,159,18,97,2
RAW,120111,157,20,97,1
RAW,120129,156,23,109,-2
RAW,120148,151,26,108,2
RAW,120167,144,30,150,-1
RAW,120185,143,35,184,-2
RAW,120204,137,39,204,-1
RAW,120222,133,43,215,1
RAW,120240,122,50,260,2
RAW,120259,119,56,282,1
RAW,120277,113,63,304,2
RAW,120295,109,67,307,1
RAW,120314,103,72,315,2
RAW,120332,100,77,293,1
RAW,120350,97,81,274,2
RAW,120369,94,84,228,4
RAW,120387,90,87,217,3
RAW,120406,82,92,217,-2
RAW,120424,82,96,206,1
RAW,120443,79,100,204,1
RAW,120461,73,103,206,8
RAW,120480,73,106,204,6
RAW,120498,62,111,206,-11
RAW,120516,66,114,195,-54
RAW,120535,64,117,184,-18
RAW,120553,60,117,152,-10
RAW,120571,60,119,142,6
RAW,120590,60,121,108,6
RAW,120608,65,119,54,-1
RAW,120626,60,119,21,2
RAW,120645,67,117,0,2
RAW,120664,71,115,-43,2
RAW,120681,74,110,-120,3
RAW,120700,80,106,-141,4
RAW,120719,85,101,-193,3
RAW,120737,89,96,-228,4
RAW,120756,94,91,-260,-4
RAW,120774,102,86,-258,10
RAW,120792,111,78,-304,6
RAW,120811,111,73,-304,16
RAW,120829,122,66,-326,12
RAW,120847,126,61,-329,4
RAW,120866,135,53,-358,1
RAW,120884,136,48,-326,-3
RAW,120903,143,43,-326,2
RAW,120921,150,38,-304,-1
RAW,120940,156,31,-322,-1
RAW,120958,160,25,-304,2
RAW,120976,164,21,-293,0
RAW,120995,169,16,-293,1
RAW,121013,175,11,-293,4
RAW,121032,181,6,-271,1
RAW,121050,179,2,-250,2
RAW,121068,183,0,-228,3
RAW,121087,187,-2,-195,1
RAW,121105,190,-5,-173,3
RAW,121123,190,-8,-153,3
RAW,121142,193,-10,-130,1
RAW,121161,199,-13,-139,1
RAW,121178,197,-15,-142,1
RAW,121197,200,-17,-130,1
RAW,121216,205,-19,-118,1
RAW,121234,207,-23,-141,1
RAW,121253,209,-26,-141,-1
RAW,121271,208,-27,-129,-2
RAW,121289,209,-27,-108,2
RAW,121308,208,-27,-86,-2
RAW,121326,209,-27,-43,-2
RAW,121344,209,-27,-10,4
RAW,121363,209,-28,-10,0
RAW,121382,210,-28,-10,2
RAW,121399,207,-27,0,4
RAW,121418,207,-27,0,1
RAW,121437,208,-26,10,3
RAW,121454,206,-26,21,4
RAW,121474,206,-25,32,-1
RAW,121492,204,-24,32,1
RAW,121510,201,-22,54,3
RAW,121529,203,-21,54,-1
RAW,121547,202,-21,53,3
RAW,121566,199,-20,54,1
RAW,121584,197,-18,65,-1
RAW,121602,198,-17,54,1
REP,3,121,1325
[121604][D][BLECharacteristic.cpp:790] onNotify(): >> onNotify: default
[121613][D][BLECharacteristic.cpp:791] onNotify(): << onNotify
[121620][D][BLECharacteristic.cpp:796] onStatus(): >> onStatus: default
[121621][D][BLEDevice.cpp:102] gattServerEventHandler(): gattServerEventHandler [esp_gatt_if: 4] ... ESP_GATTS_CONF_EVT
[121637][D][BLECharacteristic.cpp:797] onStatus(): << onStatus
RAW,121648,194,-15,50,1
[121651][D][Tone.cpp:124] tone(): _pin=25, frequency=4000 Hz, duration=0 ms
[121660][D][Tone.cpp:31] tone_task(): Task received from queue TONE_START: _pin=25, frequency=4000 Hz, duration=0 ms
[121670][D][Tone.cpp:33] tone_task(): Setup LED controll on channel 0
RAW,121660,193,-14,61,-1
RAW,121675,195,-13,64,2
RAW,121694,192,-12,54,-1
RAW,121712,193,-12,45,2
RAW,121731,190,-10,60,0
RAW,121750,193,-11,33,-2
RAW,121768,190,-10,32,3
RAW,121786,188,-9,32,-1
[121799][D][Tone.cpp:105] noTone(): noTone was called
[121804][D][Tone.cpp:45] tone_task(): Task received from queue TONE_END: pin=25
RAW,121804,188,-7,54,2
RAW,121823,190,-7,32,1
RAW,121842,190,-8,32,-1
RAW,121860,190,-9,10,2
RAW,121878,188,-8,10,3
RAW,121897,189,-8,-10,2
RAW,121915,186,-6,10,-2
RAW,121933,183,-5,32,1
RAW,121952,182,-2,76,2
RAW,121970,184,-2,65,-2
RAW,121988,187,-3,54,29
RAW,122007,185,-4,21,-20
RAW,122026,186,-5,0,-14
RAW,122044,186,-4,-21,8
RAW,122062,183,-4,-21,-5
RAW,122081,183,-3,0,-4
RAW,122099,183,-2,21,0
RAW,122118,183,-2,32,0
RAW,122136,183,-2,21,3
RAW,122154,181,-1,32,-1
RAW,122173,179,0,32,3
RAW,122191,179,1,32,-1
RAW,122209,179,2,43,1
RAW,122228,179,2,43,1
RAW,122246,177,2,32,5
RAW,122264,176,3,32,3
RAW,122283,177,4,32,-3
RAW,122302,177,4,21,4
RAW,122320,175,4,21,-3
RAW,122338,170,7,54,-2
RAW,122357,173,8,53,2
RAW,122375,170,10,65,-1
RAW,122394,172,9,54,2
RAW,122412,171,10,65,-1
RAW,122430,169,10,32,0
RAW,122449,168,11,32,-1
RAW,122467,170,12,21,1
RAW,122485,171,11,21,2
RAW,122504,169,11,10,-1
RAW,122522,170,11,10,2
RAW,122540,173,10,-10,1
RAW,122559,166,11,-10,1
RAW,122578,166,12,10,2
RAW,122596,169,14,32,2
RAW,122615,169,13,21,2
RAW,122633,171,11,10,1
RAW,122651,168,11,0,2
RAW,122670,168,12,0,0
RAW,122688,169,12,-21,1
RAW,122706,170,12,-10,-1
RAW,122725,168,12,10,1
RAW,122743,167,12,10,1
RAW,122761,169,13,10,-2
RAW,122780,168,13,10,0
RAW,122798,169,12,0,2
RAW,122816,170,12,0,1
RAW,122835,168,12,0,0
RAW,122854,174,10,-32,2
RAW,122872,169,10,-32,3
RAW,122891,167,11,-10,3
RAW,122909,168,13,10,3
RAW,122927,169,13,10,0
RAW,122946,169,12,21,3
RAW,122964,168,12,21,-3
RAW,122982,167,13,21,5
RAW,123001,167,13,0,4
RAW,123019,167,14,10,-1
RAW,123037,168,13,10,3
RAW,123056,168,13,10,-1
RAW,123075,166,13,0,4
RAW,123093,172,12,-10,-3
RAW,123111,169,12,-21,4
RAW,123130,167,11,-21,4
RAW,123148,168,13,0,3
RAW,123167,167,13,0,2
RAW,123185,169,13,10,-2
RAW,123203,170,12,0,2
RAW,123222,170,11,0,-2
RAW,123240,169,11,-21,3
RAW,123258,172,10,-32,2
RAW,123277,169,11,-21,2
RAW,123296,168,11,-10,3
RAW,123313,166,13,21,2
RAW,123332,168,13,21,3
RAW,123351,167,14,43,2
RAW,123369,169,13,21,3
RAW,123388,170,12,10,4
RAW,123406,170,11,-21,2
RAW,123424,170,11,-21,2
RAW,123443,168,11,-32,0
RAW,123461,169,12,-10,2
RAW,123479,171,11,-10,-10
RAW,123498,173,10,-10,5
RAW,123516,170,9,-21,-3
RAW,123534,171,9,-21,4
RAW,123553,173,9,-32,3
RAW,123572,169,10,-10,-2
RAW,123590,170,10,0,2
RAW,123608,170,11,21,0
RAW,123627,173,10,10,3
RAW,123645,172,9,0,2
RAW,123664,169,9,-10,3
RAW,123682,170,10,0,1
RAW,123700,171,11,0,4
RAW,123719,167,11,10,4
RAW,123737,170,11,21,-1
RAW,123755,170,12,32,2
RAW,123774,169,11,10,0
RAW,123793,171,11,0,1
RAW,123811,172,10,-10,2
RAW,123829,167,11,0,2
RAW,123848,170,11,-10,0
RAW,123866,169,12,10,1
RAW,123885,170,11,0,1
RAW,123903,170,11,10,-1
RAW,123921,170,11,0,2
RAW,123940,170,11,0,1
RAW,123958,168,11,-10,1
RAW,123976,169,12,10,2
RAW,123995,172,11,0,1
RAW,124014,171,10,-10,3
RAW,124031,171,9,-21,2
RAW,124050,169,10,-10,2
RAW,124069,168,11,-10,1
RAW,124087,167,13,21,3
RAW,124106,168,13,32,-1
RAW,124124,168,13,43,2
RAW,124142,170,12,21,-1
RAW,124161,174,10,-10,-1
RAW,124179,170,9,-43,1
RAW,124197,169,10,-32,3
RAW,124216,166,12,-10,-1
RAW,124235,169,13,10,2
RAW,124252,172,12,21,3
RAW,124271,167,11,21,1
RAW,124290,169,11,10,2
RAW,124308,168,13,10,2
RAW,124326,170,12,-10,0
RAW,124345,171,11,-10,1
RAW,124363,169,11,0,2
RAW,124382,167,12,10,-1
RAW,124400,169,12,-10,-2
RAW,124418,169,12,0,3
RAW,124437,171,11,0,0
RAW,124455,170,11,0,3
RAW,124473,171,10,-21,-2
RAW,124492,170,10,-21,1
RAW,124511,170,10,-21,3
RAW,124529,171,10,-10,1
RAW,124547,167,11,0,1
RAW,124566,168,12,21,2
RAW,124584,171,12,21,3
RAW,124603,171,11,10,1
RAW,124621,170,10,0,0
RAW,124639,168,11,0,2
RAW,124658,165,13,10,2
RAW,124676,171,13,10,1
RAW,124694,169,12,10,-1
RAW,124713,165,12,21,2
RAW,124731,166,14,32,2
RAW,124749,164,16,32,0
RAW,124768,163,16,32,1
RAW,124787,161,18,64,2
RAW,124804,162,19,76,1
RAW,124824,159,20,64,1
RAW,124842,155,22,64,2
RAW,124859,151,26,109,0
RAW,124879,146,30,130,1
RAW,124897,143,34,161,1
RAW,124916,139,38,195,1
RAW,124934,131,43,228,1
RAW,124952,125,49,247,0
RAW,124971,118,56,282,-1
RAW,124989,109,63,315,2
RAW,125008,100,72,369,2
RAW,125026,94,80,402,-1
RAW,125044,88,87,413,2
RAW,125063,82,93,402,2
RAW,125081,77,98,380,-1
RAW,125099,69,105,362,1
RAW,125118,63,111,336,2
RAW,125136,58,117,326,1
RAW,125154,55,122,318,1
RAW,125173,55,125,293,0
RAW,125192,54,126,225,-1
RAW,125210,48,128,184,2
RAW,125229,50,130,139,2
RAW,125247,48,132,107,3
RAW,125265,50,131,65,3
RAW,125284,49,132,65,1
RAW,125302,51,131,32,1
RAW,125320,54,129,-10,3
RAW,125339,58,126,-65,0
RAW,125357,66,121,-108,1
RAW,125375,64,118,-153,1
RAW,125394,72,113,-195,1
RAW,125413,79,109,-215,3
RAW,125430,87,101,-274,1
RAW,125449,95,94,-293,2
RAW,125468,106,85,-354,-1
RAW,125486,113,76,-402,3
RAW,125505,119,68,-445,1
RAW,125523,131,60,-440,3
RAW,125541,140,51,-467,3
RAW,125560,144,42,-467,-1
RAW,125578,159,33,-467,1
RAW,125596,165,25,-472,2
RAW,125615,171,16,-478,1
RAW,125634,178,9,-451,2
RAW,125651,187,2,-439,1
RAW,125671,194,-5,-408,-1
RAW,125689,198,-12,-397,1
RAW,125707,206,-18,-369,1
RAW,125726,210,-23,-347,1
RAW,125744,219,-30,-344,2
RAW,125762,219,-35,-329,1
RAW,125781,225,-40,-304,-1
RAW,125799,228,-43,-271,1
RAW,125818,229,-46,-250,2
RAW,125836,227,-47,-184,-1
RAW,125855,229,-47,-129,3
RAW,125873,229,-47,-76,1
RAW,125891,229,-48,-54,-2
RAW,125910,229,-48,-21,1
RAW,125928,230,-48,-10,0
RAW,125946,224,-46,10,-1
RAW,125965,228,-46,10,1
RAW,125983,225,-44,43,-2
RAW,126001,224,-44,43,-2
RAW,126020,222,-42,65,4
RAW,126039,221,-41,53,2
RAW,126056,220,-40,65,1
RAW,126075,220,-39,54,2
RAW,126094,218,-38,64,2
RAW,126112,216,-37,54,0
REP,4,160,4528
[126115][D][BLECharacteristic.cpp:790] onNotify(): >> onNotify: default
[126124][D][BLECharacteristic.cpp:791] onNotify(): << onNotify
[126130][D][BLECharacteristic.cpp:796] onStatus(): >> onStatus: default
[126132][D][BLEDevice.cpp:102] gattServerEventHandler(): gattServerEventHandler [esp_gatt_if: 4] ... ESP_GATTS_CONF_EVT
[126147][D][BLECharacteristic.cpp:797] onStatus(): << onStatus
RAW,126159,211,-34,58,0
[126162][D][Tone.cpp:124] tone(): _pin=25, frequency=4000 Hz, duration=0 ms
[126171][D][Tone.cpp:31] tone_task(): Task received from queue TONE_START: _pin=25, frequency=4000 Hz, duration=0 ms
[126181][D][Tone.cpp:33] tone_task(): Setup LED controll on channel 0
RAW,126171,213,-32,69,1
RAW,126186,213,-31,72,2
RAW,126204,210,-31,63,-3
RAW,126223,212,-30,63,-1
RAW,126241,210,-29,60,1
RAW,126259,207,-28,45,0
RAW,126278,209,-27,43,-1
RAW,126296,210,-27,43,1
[126309][D][Tone.cpp:105] noTone(): noTone was called
[126314][D][Tone.cpp:45] tone_task(): Task received from queue TONE_END: pin=25
RAW,126314,208,-28,21,1
RAW,126333,212,-29,0,0
RAW,126351,212,-29,-10,1
RAW,126370,210,-30,-32,-2
RAW,126388,212,-30,-32,2
RAW,126407,208,-29,-10,2
RAW,126425,207,-28,10,-1
RAW,126443,210,-27,21,1
RAW,126462,210,-28,21,1
RAW,126480,207,-28,21,0
RAW,126498,208,-27,21,2
RAW,126517,209,-27,10,3
RAW,126536,207,-27,0,1
RAW,126554,209,-27,10,3
RAW,126572,204,-25,32,3
RAW,126591,205,-25,21,-2
RAW,126609,202,-22,54,2
RAW,126628,202,-22,54,5
RAW,126646,204,-21,65,1
RAW,126664,203,-22,32,4
RAW,126683,204,-22,32,1
RAW,126701,200,-21,10,0
RAW,126719,202,-21,10,1
RAW,126738,203,-20,10,-3
RAW,126756,200,-20,21,-2
RAW,126774,198,-19,32,-2
RAW,126793,201,-18,32,-2
RAW,126812,200,-18,32,-2
RAW,126830,199,-19,10,1
RAW,126849,199,-18,21,-1
RAW,126867,198,-17,21,-1
RAW,126885,197,-17,10,1
RAW,126904,198,-16,21,-2
RAW,126922,198,-16,32,3
RAW,126940,195,-16,21,3
RAW,126959,198,-16,10,0
RAW,126977,197,-15,21,2
RAW,126995,193,-15,10,1
RAW,127014,191,-12,43,1
RAW,127033,197,-12,43,1
RAW,127051,197,-14,21,3
RAW,127069,193,-14,10,-2
RAW,127088,194,-13,21,1
RAW,127106,196,-13,-10,2
RAW,127125,194,-13,-10,0
RAW,127143,190,-12,21,1
RAW,127161,188,-9,54,0
RAW,127180,187,-7,65,-1
RAW,127198,182,-4,97,2
RAW,127216,175,0,142,0
RAW,127235,170,5,184,-1
RAW,127253,163,11,217,-3
RAW,127271,159,17,263,-1
RAW,127290,152,23,293,-2
RAW,127309,148,28,301,2
RAW,127327,139,34,315,2
RAW,127345,133,41,326,1
RAW,127364,124,49,344,2
RAW,127382,116,56,358,2
RAW,127401,107,65,402,-1
RAW,127419,96,74,434,3
RAW,127437,87,84,467,1
RAW,127456,79,93,478,1
RAW,127474,72,101,489,2
RAW,127492,69,107,461,2
RAW,127511,65,112,413,1
RAW,127529,59,116,347,1
RAW,127547,60,119,285,1
RAW,127566,62,120,206,-2
RAW,127585,69,117,107,2
RAW,127603,70,114,21,2
RAW,127622,76,109,-75,-1
RAW,127640,89,102,-182,2
RAW,127658,90,96,-260,1
RAW,127677,101,87,-326,-1
RAW,127695,107,81,-358,2
RAW,127713,117,72,-406,-2
RAW,127732,124,65,-402,-2
RAW,127750,132,56,-434,2
RAW,127768,140,49,-417,0
RAW,127787,146,41,-434,2
RAW,127806,155,34,-408,2
RAW,127823,167,25,-439,1
RAW,127842,168,17,-423,0
RAW,127861,170,12,-397,0
RAW,127879,178,9,-347,-2
RAW,127898,182,4,-326,-1
RAW,127916,190,-2,-290,-2
RAW,127934,191,-6,-250,-2
RAW,127953,195,-11,-250,3
RAW,127971,199,-14,-250,4
RAW,127989,201,-17,-230,-2
RAW,128008,204,-20,-195,-2
RAW,128026,205,-22,-173,2
RAW,128045,208,-24,-141,1
RAW,128063,210,-26,-130,1
RAW,128082,211,-28,-118,0
RAW,128100,213,-30,-108,-2
RAW,128119,213,-31,-96,1
RAW,128137,211,-31,-76,2
RAW,128155,212,-31,-54,-2
RAW,128174,214,-31,-32,1
RAW,128192,210,-31,-10,2
RAW,128210,215,-32,-10,-1
RAW,128229,214,-32,-10,-1
RAW,128247,213,-33,-21,-1
RAW,128265,213,-32,-10,0
RAW,128284,214,-32,-10,1
RAW,128303,212,-32,0,-2
RAW,128321,214,-32,0,0
RAW,128339,206,-29,43,1
RAW,128358,208,-28,43,-2
RAW,128376,206,-25,76,-2
RAW,128395,207,-26,65,1
RAW,128413,207,-25,76,0
RAW,128431,209,-26,32,0
RAW,128450,209,-27,10,2
RAW,128468,207,-27,-21,1
RAW,128486,209,-27,-10,1
RAW,128505,204,-25,0,1
RAW,128523,207,-25,10,1
RAW,128541,207,-25,21,-1
RAW,128560,207,-26,10,2
RAW,128579,208,-26,10,-1
RAW,128597,205,-25,0,1
RAW,128616,208,-26,-10,-1
RAW,128634,206,-25,0,-1
RAW,128652,207,-26,0,2
RAW,128671,207,-25,10,-1
RAW,128689,203,-24,10,-2
RAW,128707,205,-24,21,-3
RAW,128726,202,-22,32,1
RAW,128744,203,-22,43,-2
REP,5,168,2356
[128746][D][BLECharacteristic.cpp:790] onNotify(): >> onNotify: default
[128755][D][BLECharacteristic.cpp:791] onNotify(): << onNotify
[128762][D][BLECharacteristic.cpp:796] onStatus(): >> onStatus: default
[128764][D][BLEDevice.cpp:102] gattServerEventHandler(): gattServerEventHandler [esp_gatt_if: 4] ... ESP_GATTS_CONF_EVT
[128779][D][BLECharacteristic.cpp:797] onStatus(): << onStatus
RAW,128790,203,-21,33,-2
[128793][D][Tone.cpp:124] tone(): _pin=25, frequency=4000 Hz, duration=0 ms
[128802][D][Tone.cpp:31] tone_task(): Task received from queue TONE_START: _pin=25, frequency=4000 Hz, duration=0 ms
[128812][D][Tone.cpp:33] tone_task(): Setup LED controll on channel 0
RAW,128802,203,-22,17,1
RAW,128817,199,-20,36,1
RAW,128836,199,-19,27,0
RAW,128854,200,-18,36,0
RAW,128873,198,-18,36,1
RAW,128892,197,-17,55,-1
RAW,128910,201,-17,32,1
RAW,128928,199,-18,10,2
[128941][D][Tone.cpp:105] noTone(): noTone was called
[128946][D][Tone.cpp:45] tone_task(): Task received from queue TONE_END: pin=25
RAW,128946,200,-19,-10,-1
RAW,128965,199,-18,0,0
RAW,128984,201,-19,-21,1
RAW,129002,198,-18,-10,-1
RAW,129021,197,-17,10,-1
RAW,129039,200,-17,21,2
[129041][D][Tone.cpp:124] tone(): _pin=25, frequency=4000 Hz, duration=0 ms
[129049][D][Tone.cpp:31] tone_task(): Task received from queue TONE_START: _pin=25, frequency=4000 Hz, duration=0 ms
[129059][D][Tone.cpp:33] tone_task(): Setup LED controll on channel 0
RAW,129049,198,-17,11,-1
RAW,129076,197,-17,21,-1
RAW,129093,196,-16,21,1
RAW,129113,197,-15,21,-2
RAW,129131,197,-15,21,-1
RAW,129149,195,-15,20,1
RAW,129168,198,-15,21,-3
RAW,129186,195,-15,10,1
[129190][D][Tone.cpp:105] noTone(): noTone was called
[129195][D][Tone.cpp:45] tone_task(): Task received from queue TONE_END: pin=25
RAW,129205,198,-16,-10,0
RAW,129223,200,-16,-10,-1
RAW,129241,196,-17,-21,3
RAW,129260,195,-16,-10,3
RAW,129278,195,-14,10,-1
RAW,129297,194,-13,32,-1
RAW,129315,196,-14,21,1
RAW,129333,194,-13,43,-2
RAW,129352,196,-14,21,0
RAW,129370,192,-13,10,1
RAW,129388,195,-13,0,-2
RAW,129407,192,-12,21,2
RAW,129426,194,-12,10,0
RAW,129444,195,-12,21,2
RAW,129462,190,-12,10,2
RAW,129481,193,-11,21,2
RAW,129499,193,-11,10,2
RAW,129518,192,-11,10,2
RAW,129536,194,-12,0,1
RAW,129554,192,-11,10,0
RAW,129573,194,-12,-10,1
RAW,129591,192,-11,0,1
RAW,129609,192,-11,0,-2
RAW,129628,189,-10,21,2
RAW,129646,193,-10,10,1
RAW,129664,192,-10,21,-2
RAW,129683,191,-11,0,2
RAW,129702,190,-10,10,3
RAW,129720,190,-9,10,0
RAW,129738,190,-9,10,2
RAW,129757,190,-9,10,1
RAW,129775,189,-8,32,2
RAW,129794,187,-7,32,1
RAW,129812,190,-7,21,2
RAW,129830,187,-7,21,0
RAW,129849,187,-7,21,2
RAW,129867,188,-6,21,-1
RAW,129885,185,-5,21,-1
RAW,129904,186,-5,21,4
RAW,129923,187,-5,21,1
RAW,129941,189,-6,10,2
RAW,129959,188,-7,-10,1
RAW,129978,186,-6,-10,-1
RAW,129996,190,-7,-21,2
RAW,130015,188,-7,-21,0
RAW,130033,185,-6,0,1
RAW,130051,186,-5,21,2
RAW,130070,187,-5,10,2
RAW,130088,183,-4,32,-1
RAW,130106,183,-3,43,2
RAW,130125,180,-1,54,2
RAW,130143,177,1,65,0
RAW,130161,173,4,98,2
RAW,130180,171,7,119,1
RAW,130198,165,11,152,-2
RAW,130217,159,16,184,1
RAW,130235,152,22,228,1
RAW,130254,150,27,247,1
RAW,130272,147,31,260,3
RAW,130291,138,36,268,3
RAW,130309,136,40,260,1
RAW,130327,123,48,282,3
RAW,130346,122,54,293,1
RAW,130364,109,63,347,-1
RAW,130382,107,68,351,2
RAW,130401,98,76,391,2
RAW,130419,94,81,358,-1
RAW,130437,88,87,362,2
RAW,130456,84,92,315,0
RAW,130475,78,97,311,-1
RAW,130493,72,103,293,3
RAW,130511,68,108,293,1
RAW,130530,64,113,279,1
RAW,130548,64,115,250,1
RAW,130567,66,116,206,-1
RAW,130585,61,117,152,-2
RAW,130603,65,117,97,2
RAW,130622,68,116,32,-1
RAW,130640,68,114,-10,1
RAW,130658,71,112,-43,2
RAW,130677,77,109,-86,-2
RAW,130696,83,104,-139,2
RAW,130713,85,99,-186,4
RAW,130732,98,92,-239,-1
RAW,130751,103,85,-290,3
RAW,130769,111,77,-347,2
RAW,130788,121,69,-380,-1
RAW,130806,124,62,-397,2
RAW,130824,132,55,-402,1
RAW,130843,144,47,-413,-1
RAW,130861,153,38,-423,1
RAW,130879,162,28,-450,2
RAW,130898,170,19,-467,0
RAW,130916,173,12,-467,2
RAW,130934,179,7,-439,1
RAW,130953,185,2,-391,-2
RAW,130972,188,-3,-333,-1
RAW,130990,191,-7,-282,1
RAW,131008,200,-12,-260,1
RAW,131027,202,-16,-247,1
RAW,131045,202,-20,-239,2
RAW,131064,209,-23,-217,1
RAW,131082,209,-25,-195,1
RAW,131100,211,-28,-173,2
RAW,131119,214,-30,-152,1
RAW,131137,213,-31,-119,2
RAW,131155,214,-32,-98,2
RAW,131174,214,-32,-76,-2
RAW,131193,215,-33,-53,4
RAW,131211,214,-33,-32,-2
RAW,131229,217,-34,-32,0
RAW,131248,218,-35,-32,3
RAW,131266,218,-36,-43,-5
RAW,131285,214,-35,-21,4
RAW,131303,216,-35,-21,4
RAW,131321,212,-33,10,-4
RAW,131340,211,-32,32,2
RAW,131358,209,-29,76,2
RAW,131376,209,-28,76,-2
RAW,131395,205,-26,97,2
RAW,131413,207,-26,76,-1
RAW,131431,201,-23,98,3
REP,6,150,3019
[131434][D][BLECharacteristic.cpp:790] onNotify(): >> onNotify: default
[131443][D][BLECharacteristic.cpp:791] onNotify(): << onNotify
[131450][D][BLECharacteristic.cpp:796] onStatus(): >> onStatus: default
[131451][D][BLEDevice.cpp:102] gattServerEventHandler(): gattServerEventHandler [esp_gatt_if: 4] ... ESP_GATTS_CONF_EVT
[131467][D][BLECharacteristic.cpp:797] onStatus(): << onStatus
RAW,131472,199,-21,70,1
[131476][D][Tone.cpp:124] tone(): _pin=25, frequency=4000 Hz, duration=0 ms
[131485][D][Tone.cpp:31] tone_task(): Task received from queue TONE_START: _pin=25, frequency=4000 Hz, duration=0 ms
[131495][D][Tone.cpp:33] tone_task(): Setup LED controll on channel 0
RAW,131484,198,-18,92,-2
RAW,131506,201,-18,72,2
RAW,131524,198,-18,72,1
RAW,131542,203,-19,36,0
RAW,131561,196,-18,33,1
RAW,131579,197,-17,10,-1
RAW,131597,200,-16,21,1
RAW,131616,202,-18,0,2
[131623][D][Tone.cpp:105] noTone(): noTone was called
[131628][D][Tone.cpp:45] tone_task(): Task received from queue TONE_END: pin=25
RAW,131628,201,-20,-11,4
RAW,131652,194,-18,0,-1
RAW,131671,196,-16,10,2
RAW,131690,193,-13,32,1
RAW,131708,194,-13,54,-1
RAW,131727,198,-14,60,-2
RAW,131745,199,-16,21,-3
RAW,131763,196,-16,0,-2
RAW,131782,196,-16,-32,-1
RAW,131800,198,-15,-21,-1
RAW,131818,195,-15,-10,-2
RAW,131837,197,-15,10,2
RAW,131855,194,-14,21,3
RAW,131873,193,-13,32,-1
RAW,131892,192,-12,32,1
RAW,131911,195,-12,32,2
RAW,131928,193,-12,32,1
RAW,131947,196,-13,10,2
RAW,131966,192,-12,10,1
RAW,131984,191,-12,0,1
RAW,132003,189,-9,32,1
RAW,132021,187,-8,43,-1
RAW,132039,190,-7,65,-1
RAW,132058,188,-7,54,1
RAW,132076,189,-8,43,-2
RAW,132094,188,-7,21,-2
RAW,132113,190,-8,0,3
RAW,132131,188,-7,0,-3
RAW,132149,190,-8,-10,-1
RAW,132168,187,-7,10,-1
RAW,132187,189,-7,0,-3
RAW,132205,187,-6,21,1
RAW,132224,189,-7,0,1
RAW,132242,183,-5,32,2
RAW,132260,184,-4,32,2
RAW,132279,183,-2,54,1
RAW,132297,180,-1,54,2
RAW,132315,181,0,76,2
RAW,132334,179,1,65,1
RAW,132352,183,0,43,-2
RAW,132370,177,1,32,2
RAW,132389,177,2,32,2
RAW,132408,176,4,43,0
RAW,132426,176,4,32,3
RAW,132444,178,4,43,-2
RAW,132463,180,3,21,-1
RAW,132481,186,0,-21,2
RAW,132500,189,-4,-86,1
RAW,132518,191,-7,-119,1
RAW,132536,194,-10,-152,1
RAW,132555,195,-12,-163,2
RAW,132573,198,-14,-152,-2
RAW,132591,198,-16,-131,2
RAW,132610,186,-13,-65,0
Sensor timeout, resetting rep state
Start pressed
Set 1 completed with 6 reps
SET,1,6,970,0

---------- Transmission Model ----------
Negotiated MTU: 517 bytes
Protocol overhead: 7 bytes
Usable payload: 252 bytes
Samples per packet: 50
Bytes per packet: 250 bytes
Buffered data: 4850 bytes
Packets required: 20
Result: FRAGMENTATION REQUIRED
[162396][D][BLECharacteristic.cpp:790] onNotify(): >> onNotify: default
[162407][D][BLECharacteristic.cpp:791] onNotify(): << onNotify
[162415][D][BLECharacteristic.cpp:796] onStatus(): >> onStatus: default
[162416][D][BLEDevice.cpp:102] gattServerEventHandler(): gattServerEventHandler [esp_gatt_if: 4] ... ESP_GATTS_CONF_EVT
[162432][D][BLECharacteristic.cpp:797] onStatus(): << onStatus
[162443][D][Tone.cpp:124] tone(): _pin=25, frequency=3400 Hz, duration=0 ms
[162450][D][Tone.cpp:31] tone_task(): Task received from queue TONE_START: _pin=25, frequency=3400 Hz, duration=0 ms
[162454][D][BLECharacteristic.cpp:790] onNotify(): >> onNotify: default
[162467][D][BLECharacteristic.cpp:791] onNotify(): << onNotify
[162467][D][Tone.cpp:33] tone_task(): Setup LED controll on channel 0
[162481][D][BLECharacteristic.cpp:796] onStatus(): >> onStatus: default
[162484][D][BLEDevice.cpp:102] gattServerEventHandler(): gattServerEventHandler [esp_gatt_if: 4] ... ESP_GATTS_CONF_EVT
[162498][D][BLECharacteristic.cpp:797] onStatus(): << onStatus
[162505][D][BLECharacteristic.cpp:790] onNotify(): >> onNotify: default
[162512][D][BLECharacteristic.cpp:791] onNotify(): << onNotify
[162520][D][BLECharacteristic.cpp:796] onStatus(): >> onStatus: default
[162521][D][BLEDevice.cpp:102] gattServerEventHandler(): gattServerEventHandler [esp_gatt_if: 4] ... ESP_GATTS_CONF_EVT
[162537][D][BLECharacteristic.cpp:797] onStatus(): << onStatus
[162550][D][BLECharacteristic.cpp:790] onNotify(): >> onNotify: default
[162557][D][BLECharacteristic.cpp:791] onNotify(): << onNotify
[162564][D][BLECharacteristic.cpp:796] onStatus(): >> onStatus: default
[162566][D][BLEDevice.cpp:102] gattServerEventHandler(): gattServerEventHandler [esp_gatt_if: 4] ... ESP_GATTS_CONF_EVT
[162582][D][BLECharacteristic.cpp:797] onStatus(): << onStatus
[162587][D][Tone.cpp:105] noTone(): noTone was called
[162592][D][Tone.cpp:45] tone_task(): Task received from queue TONE_END: pin=25
[162599][D][BLECharacteristic.cpp:790] onNotify(): >> onNotify: default
[162606][D][BLECharacteristic.cpp:791] onNotify(): << onNotify
[162613][D][BLECharacteristic.cpp:796] onStatus(): >> onStatus: default
[162615][D][BLEDevice.cpp:102] gattServerEventHandler(): gattServerEventHandler [esp_gatt_if: 4] ... ESP_GATTS_CONF_EVT
[162630][D][BLECharacteristic.cpp:797] onStatus(): << onStatus
[162638][D][BLECharacteristic.cpp:790] onNotify(): >> onNotify: default
[162645][D][BLECharacteristic.cpp:791] onNotify(): << onNotify
[162652][D][BLECharacteristic.cpp:796] onStatus(): >> onStatus: default
[162654][D][BLEDevice.cpp:102] gattServerEventHandler(): gattServerEventHandler [esp_gatt_if: 4] ... ESP_GATTS_CONF_EVT
[162669][D][BLECharacteristic.cpp:797] onStatus(): << onStatus
[162683][D][BLECharacteristic.cpp:790] onNotify(): >> onNotify: default
[162689][D][BLECharacteristic.cpp:791] onNotify(): << onNotify
[162697][D][BLECharacteristic.cpp:796] onStatus(): >> onStatus: default
[162699][D][BLEDevice.cpp:102] gattServerEventHandler(): gattServerEventHandler [esp_gatt_if: 4] ... ESP_GATTS_CONF_EVT
[162714][D][BLECharacteristic.cpp:797] onStatus(): << onStatus
[162720][D][Tone.cpp:124] tone(): _pin=25, frequency=3400 Hz, duration=0 ms
[162727][D][Tone.cpp:31] tone_task(): Task received from queue TONE_START: _pin=25, frequency=3400 Hz, duration=0 ms
[162734][D][BLECharacteristic.cpp:790] onNotify(): >> onNotify: default
[162743][D][BLECharacteristic.cpp:791] onNotify(): << onNotify
[162743][D][Tone.cpp:33] tone_task(): Setup LED controll on channel 0
[162758][D][BLECharacteristic.cpp:796] onStatus(): >> onStatus: default
[162759][D][BLEDevice.cpp:102] gattServerEventHandler(): gattServerEventHandler [esp_gatt_if: 4] ... ESP_GATTS_CONF_EVT
[162775][D][BLECharacteristic.cpp:797] onStatus(): << onStatus
[162789][D][BLECharacteristic.cpp:790] onNotify(): >> onNotify: default
[162795][D][BLECharacteristic.cpp:791] onNotify(): << onNotify
[162803][D][BLECharacteristic.cpp:796] onStatus(): >> onStatus: default
[162805][D][BLEDevice.cpp:102] gattServerEventHandler(): gattServerEventHandler [esp_gatt_if: 4] ... ESP_GATTS_CONF_EVT
[162820][D][BLECharacteristic.cpp:797] onStatus(): << onStatus
[162828][D][BLECharacteristic.cpp:790] onNotify(): >> onNotify: default
[162834][D][BLECharacteristic.cpp:791] onNotify(): << onNotify
[162842][D][BLECharacteristic.cpp:796] onStatus(): >> onStatus: default
[162844][D][BLEDevice.cpp:102] gattServerEventHandler(): gattServerEventHandler [esp_gatt_if: 4] ... ESP_GATTS_CONF_EVT
[162859][D][BLECharacteristic.cpp:797] onStatus(): << onStatus
[162867][D][BLECharacteristic.cpp:790] onNotify(): >> onNotify: default
[162873][D][BLECharacteristic.cpp:791] onNotify(): << onNotify
[162881][D][BLECharacteristic.cpp:796] onStatus(): >> onStatus: default
[162883][D][BLEDevice.cpp:102] gattServerEventHandler(): gattServerEventHandler [esp_gatt_if: 4] ... ESP_GATTS_CONF_EVT
[162898][D][BLECharacteristic.cpp:797] onStatus(): << onStatus
[162910][D][Tone.cpp:105] noTone(): noTone was called
[162915][D][Tone.cpp:45] tone_task(): Task received from queue TONE_END: pin=25
[162917][D][BLECharacteristic.cpp:790] onNotify(): >> onNotify: default
[162928][D][BLECharacteristic.cpp:791] onNotify(): << onNotify
[162936][D][BLECharacteristic.cpp:796] onStatus(): >> onStatus: default
[162938][D][BLEDevice.cpp:102] gattServerEventHandler(): gattServerEventHandler [esp_gatt_if: 4] ... ESP_GATTS_CONF_EVT
[162954][D][BLECharacteristic.cpp:797] onStatus(): << onStatus
[162961][D][BLECharacteristic.cpp:790] onNotify(): >> onNotify: default
[162968][D][BLECharacteristic.cpp:791] onNotify(): << onNotify
[162975][D][BLECharacteristic.cpp:796] onStatus(): >> onStatus: default
[162977][D][BLEDevice.cpp:102] gattServerEventHandler(): gattServerEventHandler [esp_gatt_if: 4] ... ESP_GATTS_CONF_EVT
[162993][D][BLECharacteristic.cpp:797] onStatus(): << onStatus
[163000][D][BLECharacteristic.cpp:790] onNotify(): >> onNotify: default
[163007][D][BLECharacteristic.cpp:791] onNotify(): << onNotify
[163015][D][BLECharacteristic.cpp:796] onStatus(): >> onStatus: default
[163016][D][BLEDevice.cpp:102] gattServerEventHandler(): gattServerEventHandler [esp_gatt_if: 4] ... ESP_GATTS_CONF_EVT
[163032][D][BLECharacteristic.cpp:797] onStatus(): << onStatus
[163045][D][BLECharacteristic.cpp:790] onNotify(): >> onNotify: default
[163052][D][BLECharacteristic.cpp:791] onNotify(): << onNotify
[163059][D][BLECharacteristic.cpp:796] onStatus(): >> onStatus: default
[163061][D][BLEDevice.cpp:102] gattServerEventHandler(): gattServerEventHandler [esp_gatt_if: 4] ... ESP_GATTS_CONF_EVT
[163077][D][BLECharacteristic.cpp:797] onStatus(): << onStatus
[163084][D][BLECharacteristic.cpp:790] onNotify(): >> onNotify: default
[163091][D][BLECharacteristic.cpp:791] onNotify(): << onNotify
[163098][D][BLECharacteristic.cpp:796] onStatus(): >> onStatus: default
[163100][D][BLEDevice.cpp:102] gattServerEventHandler(): gattServerEventHandler [esp_gatt_if: 4] ... ESP_GATTS_CONF_EVT
[163115][D][BLECharacteristic.cpp:797] onStatus(): << onStatus
[163123][D][BLECharacteristic.cpp:790] onNotify(): >> onNotify: default
[163130][D][BLECharacteristic.cpp:791] onNotify(): << onNotify
[163137][D][BLECharacteristic.cpp:796] onStatus(): >> onStatus: default
[163139][D][BLEDevice.cpp:102] gattServerEventHandler(): gattServerEventHandler [esp_gatt_if: 4] ... ESP_GATTS_CONF_EVT
[163154][D][BLECharacteristic.cpp:797] onStatus(): << onStatus
[163168][D][BLECharacteristic.cpp:790] onNotify(): >> onNotify: default
[163175][D][BLECharacteristic.cpp:791] onNotify(): << onNotify
[163182][D][BLECharacteristic.cpp:796] onStatus(): >> onStatus: default
[163184][D][BLEDevice.cpp:102] gattServerEventHandler(): gattServerEventHandler [esp_gatt_if: 4] ... ESP_GATTS_CONF_EVT
[163199][D][BLECharacteristic.cpp:797] onStatus(): << onStatus
[163207][D][BLECharacteristic.cpp:790] onNotify(): >> onNotify: default
[163214][D][BLECharacteristic.cpp:791] onNotify(): << onNotify
[163221][D][BLECharacteristic.cpp:796] onStatus(): >> onStatus: default
[163223][D][BLEDevice.cpp:102] gattServerEventHandler(): gattServerEventHandler [esp_gatt_if: 4] ... ESP_GATTS_CONF_EVT
[163238][D][BLECharacteristic.cpp:797] onStatus(): << onStatus
[163246][D][BLECharacteristic.cpp:790] onNotify(): >> onNotify: default
[163253][D][BLECharacteristic.cpp:791] onNotify(): << onNotify
[163259][D][BLECharacteristic.cpp:796] onStatus(): >> onStatus: default
[163261][D][BLEDevice.cpp:102] gattServerEventHandler(): gattServerEventHandler [esp_gatt_if: 4] ... ESP_GATTS_CONF_EVT
[163276][D][BLECharacteristic.cpp:797] onStatus(): << onStatus
[163290][D][BLECharacteristic.cpp:790] onNotify(): >> onNotify: default
[163296][D][BLECharacteristic.cpp:791] onNotify(): << onNotify
[163302][D][BLECharacteristic.cpp:796] onStatus(): >> onStatus: default
[163304][D][BLEDevice.cpp:102] gattServerEventHandler(): gattServerEventHandler [esp_gatt_if: 4] ... ESP_GATTS_CONF_EVT
[163320][D][BLECharacteristic.cpp:797] onStatus(): << onStatus
[163355][D][BLECharacteristic.cpp:790] onNotify(): >> onNotify: default
[163362][D][BLECharacteristic.cpp:791] onNotify(): << onNotify
[163368][D][BLECharacteristic.cpp:796] onStatus(): >> onStatus: default
[163369][D][BLEDevice.cpp:102] gattServerEventHandler(): gattServerEventHandler [esp_gatt_if: 4] ... ESP_GATTS_CONF_EVT
[163385][D][BLECharacteristic.cpp:797] onStatus(): << onStatus
Transmission complete, fragments sent: 20
